Archive member included to satisfy reference by file (symbol)

.pio/build/genericSTM32F446RE/libd4d/libSCServo.a(SCS.cpp.o)
                              .pio/build/genericSTM32F446RE/src/device/actuator/STS3032.cpp.o (SCS::writeByte(unsigned char, unsigned char, unsigned char))
.pio/build/genericSTM32F446RE/libd4d/libSCServo.a(SMS_STS.cpp.o)
                              .pio/build/genericSTM32F446RE/src/device/actuator/STS3032.cpp.o (SMS_STS::WheelMode(unsigned char))
.pio/build/genericSTM32F446RE/libd4d/libSCServo.a(SCSerial.cpp.o)
                              .pio/build/genericSTM32F446RE/libd4d/libSCServo.a(SMS_STS.cpp.o) (SCSerial::writeSCS(unsigned char*, int))
.pio/build/genericSTM32F446RE/lib6ad/libWire.a(Wire.cpp.o)
                              .pio/build/genericSTM32F446RE/src/main.cpp.o (TwoWire::begin(bool))
.pio/build/genericSTM32F446RE/lib6ad/libWire.a(twi.c.o)
                              .pio/build/genericSTM32F446RE/lib6ad/libWire.a(Wire.cpp.o) (i2c_custom_init)
.pio/build/genericSTM32F446RE/lib960/libVL53L0X.a(VL53L0X.cpp.o)
                              .pio/build/genericSTM32F446RE/src/device/sensor/tof.cpp.o (VL53L0X::VL53L0X())
.pio/build/genericSTM32F446RE/libFrameworkArduino.a(HardwareSerial.cpp.o)
                              .pio/build/genericSTM32F446RE/src/main.cpp.o (HardwareSerial::HardwareSerial(unsigned long, unsigned long, unsigned long, unsigned long))
.pio/build/genericSTM32F446RE/libFrameworkArduino.a(Print.cpp.o)
                              .pio/build/genericSTM32F446RE/src/device/sensor/tof.cpp.o (Print::println(char const*))
.pio/build/genericSTM32F446RE/libFrameworkArduino.a(Stream.cpp.o)
                              .pio/build/genericSTM32F446RE/lib6ad/libWire.a(Wire.cpp.o) (Stream::readBytes(char*, unsigned int))
.pio/build/genericSTM32F446RE/libFrameworkArduino.a(WString.cpp.o)
                              .pio/build/genericSTM32F446RE/src/device/sensor/LineUnit.cpp.o (String::~String())
.pio/build/genericSTM32F446RE/libFrameworkArduino.a(dtostrf.c.o)
                              .pio/build/genericSTM32F446RE/libFrameworkArduino.a(WString.cpp.o) (dtostrf)
.pio/build/genericSTM32F446RE/libFrameworkArduino.a(itoa.c.o)
                              .pio/build/genericSTM32F446RE/libFrameworkArduino.a(WString.cpp.o) (ltoa)
.pio/build/genericSTM32F446RE/libFrameworkArduino.a(main.cpp.o)
                              c:/users/shuji/.platformio/packages/toolchain-gccarmnoneeabi/bin/../lib/gcc/arm-none-eabi/12.3.1/../../../../arm-none-eabi/lib/thumb/v7e-m+fp/hard/crt0.o (main)
.pio/build/genericSTM32F446RE/libFrameworkArduino.a(pins_arduino.c.o)
                              .pio/build/genericSTM32F446RE/lib6ad/libWire.a(Wire.cpp.o) (pinNametoDigitalPin)
.pio/build/genericSTM32F446RE/libFrameworkArduino.a(startup_stm32yyxx.S.o)
                              (Reset_Handler)
.pio/build/genericSTM32F446RE/libFrameworkArduino.a(wiring_analog.c.o)
                              .pio/build/genericSTM32F446RE/src/device/actuator/buzzer.cpp.o (analogWriteFrequency)
.pio/build/genericSTM32F446RE/libFrameworkArduino.a(wiring_digital.c.o)
                              .pio/build/genericSTM32F446RE/lib506/STM32duino FreeRTOS/STM32FreeRTOS.c.o (pinMode)
.pio/build/genericSTM32F446RE/libFrameworkArduino.a(wiring_time.c.o)
                              .pio/build/genericSTM32F446RE/src/device/sensor/LineUnit.cpp.o (millis)
.pio/build/genericSTM32F446RE/libFrameworkArduino.a(WSerial.cpp.o)
                              .pio/build/genericSTM32F446RE/libFrameworkArduino.a(main.cpp.o) (serialEventRun())
.pio/build/genericSTM32F446RE/libFrameworkArduino.a(board.c.o)
                              .pio/build/genericSTM32F446RE/libFrameworkArduino.a(main.cpp.o) (init)
.pio/build/genericSTM32F446RE/libFrameworkArduino.a(hooks.c.o)
                              .pio/build/genericSTM32F446RE/libFrameworkArduino.a(wiring_time.c.o) (yield)
c:/users/shuji/.platformio/packages/toolchain-gccarmnoneeabi/bin/../lib/gcc/arm-none-eabi/12.3.1/thumb/v7e-m+fp/hard\libgcc.a(_arm_muldf3.o)
                              .pio/build/genericSTM32F446RE/SrcWrapper/src/HardwareTimer.cpp.o (__aeabi_dmul)
c:/users/shuji/.platformio/packages/toolchain-gccarmnoneeabi/bin/../lib/gcc/arm-none-eabi/12.3.1/thumb/v7e-m+fp/hard\libgcc.a(_arm_addsubdf3.o)
                              .pio/build/genericSTM32F446RE/src/device/actuator/buzzer.cpp.o (__aeabi_dsub)
c:/users/shuji/.platformio/packages/toolchain-gccarmnoneeabi/bin/../lib/gcc/arm-none-eabi/12.3.1/thumb/v7e-m+fp/hard\libgcc.a(_arm_muldivdf3.o)
                              .pio/build/genericSTM32F446RE/SrcWrapper/src/HardwareTimer.cpp.o (__aeabi_ddiv)
c:/users/shuji/.platformio/packages/toolchain-gccarmnoneeabi/bin/../lib/gcc/arm-none-eabi/12.3.1/thumb/v7e-m+fp/hard\libgcc.a(_arm_cmpdf2.o)
                              .pio/build/genericSTM32F446RE/libFrameworkArduino.a(Print.cpp.o) (__aeabi_dcmplt)
[...]
Memory Configuration

Name             Origin             Length             Attributes
*default*        0x00000000         0xffffffff
RAM              0x20000000         0x00020000         xrw
FLASH            0x08000000         0x00080000         xr

Linker script and memory map

                0x20020000                        _estack = (ORIGIN (RAM) + LENGTH (RAM))
                0x00000200                        _Min_Heap_Size = 0x200
                0x00000400                        _Min_Stack_Size = 0x400

.isr_vector     0x08000000      0x1c4
                0x08000000                        . = ALIGN (0x4)
 *(.isr_vector)
 .isr_vector    0x08000000      0x1c4 .pio/build/genericSTM32F446RE/libFrameworkArduino.a(startup_stm32yyxx.S.o)
                0x08000000                g_pfnVectors
                0x080001c4                        . = ALIGN (0x4)

.text           0x080001d0     0xa464
                0x080001d0                        . = ALIGN (0x4)
 *(.text)
 .text          0x080001d0      0x378 c:/users/shuji/.platformio/packages/toolchain-gccarmnoneeabi/bin/../lib/gcc/arm-none-eabi/12.3.1/thumb/v7e-m+fp/hard\libgcc.a(_arm_addsubdf3.o)
                0x080001d0                __aeabi_drsub
                0x080001d8                __aeabi_dsub
                0x080001d8                __subdf3
                0x080001dc                __aeabi_dadd
                0x080001dc                __adddf3
                0x08000454                __floatunsidf
                0x08000454                __aeabi_ui2d
                0x08000474                __floatsidf
                0x08000474                __aeabi_i2d
                0x08000498                __aeabi_f2d
                0x08000498                __extendsfdf2
                0x080004dc                __floatundidf
                0x080004dc                __aeabi_ul2d
                0x080004ec                __floatdidf
                0x080004ec                __aeabi_l2d
 .text          0x08000548      0x424 c:/users/shuji/.platformio/packages/toolchain-gccarmnoneeabi/bin/../lib/gcc/arm-none-eabi/12.3.1/thumb/v7e-m+fp/hard\libgcc.a(_arm_muldivdf3.o)
                0x08000548                __aeabi_dmul
                0x08000548                __muldf3
                0x0800079c                __divdf3
                0x0800079c                __aeabi_ddiv
 .text          0x0800096c      0x110 c:/users/shuji/.platformio/packages/toolchain-gccarmnoneeabi/bin/../lib/gcc/arm-none-eabi/12.3.1/thumb/v7e-m+fp/hard\libgcc.a(_arm_cmpdf2.o)
                0x0800096c                __gtdf2
                0x0800096c                __gedf2
                0x08000974                __ltdf2
                0x08000974                __ledf2
                0x0800097c                __nedf2
                0x0800097c                __eqdf2
                0x0800097c                __cmpdf2
                0x080009f8                __aeabi_cdrcmple
                0x08000a08                __aeabi_cdcmpeq
                0x08000a08                __aeabi_cdcmple
                0x08000a18                __aeabi_dcmpeq
                0x08000a2c                __aeabi_dcmplt
                0x08000a40                __aeabi_dcmple
                0x08000a54                __aeabi_dcmpge
                0x08000a68                __aeabi_dcmpgt
 .text          0x08000a7c       0x50 c:/users/shuji/.platformio/packages/toolchain-gccarmnoneeabi/bin/../lib/gcc/arm-none-eabi/12.3.1/thumb/v7e-m+fp/hard\libgcc.a(_arm_fixdfsi.o)
                0x08000a7c                __aeabi_d2iz
                0x08000a7c                __fixdfsi
 .text          0x08000acc       0x30 c:/users/shuji/.platformio/packages/toolchain-gccarmnoneeabi/bin/../lib/gcc/arm-none-eabi/12.3.1/thumb/v7e-m+fp/hard\libgcc.a(_aeabi_uldivmod.o)
                0x08000acc                __aeabi_uldivmod
 .text          0x08000afc        0x4 c:/users/shuji/.platformio/packages/toolchain-gccarmnoneeabi/bin/../lib/gcc/arm-none-eabi/12.3.1/thumb/v7e-m+fp/hard\libgcc.a(_dvmd_tls.o)
                0x08000afc                __aeabi_idiv0
                0x08000afc                __aeabi_ldiv0
 .text          0x08000b00       0x10 c:/users/shuji/.platformio/packages/toolchain-gccarmnoneeabi/bin/../lib/gcc/arm-none-eabi/12.3.1/../../../../arm-none-eabi/lib/thumb/v7e-m+fp/hard\libc_nano.a(libc_a-strlen.o)
                0x08000b00                strlen
 *(.text*)
 .text.__do_global_dtors_aux
                0x08000b10       0x24 c:/users/shuji/.platformio/packages/toolchain-gccarmnoneeabi/bin/../lib/gcc/arm-none-eabi/12.3.1/thumb/v7e-m+fp/hard/crtbegin.o
 .text.frame_dummy
                0x08000b34       0x1c c:/users/shuji/.platformio/packages/toolchain-gccarmnoneeabi/bin/../lib/gcc/arm-none-eabi/12.3.1/thumb/v7e-m+fp/hard/crtbegin.o
 .text.SystemClock_Config
                0x08000b50       0xd4 .pio/build/genericSTM32F446RE/FrameworkArduinoVariant/generic_clock.c.o
                0x08000b50                SystemClock_Config
 .text.HAL_MspInit
                0x08000c24        0x2 .pio/build/genericSTM32F446RE/SrcWrapper/src/HAL/stm32yyxx_hal.c.o
                0x08000c24                HAL_MspInit
 *fill*         0x08000c26        0x2 
 .text.HAL_InitTick
                0x08000c28       0x48 .pio/build/genericSTM32F446RE/SrcWrapper/src/HAL/stm32yyxx_hal.c.o
                0x08000c28                HAL_InitTick
 .text.HAL_Init
                0x08000c70       0x34 .pio/build/genericSTM32F446RE/SrcWrapper/src/HAL/stm32yyxx_hal.c.o
                0x08000c70                HAL_Init
 .text.HAL_IncTick
                0x08000ca4       0x18 .pio/build/genericSTM32F446RE/SrcWrapper/src/HAL/stm32yyxx_hal.c.o
                0x08000ca4                HAL_IncTick
 .text.HAL_GetTick
                0x08000cbc        0xc .pio/build/genericSTM32F446RE/SrcWrapper/src/HAL/stm32yyxx_hal.c.o
                0x08000cbc                HAL_GetTick
 .text.HAL_ADC_Init
                0x08000cc8      0x14c .pio/build/genericSTM32F446RE/SrcWrapper/src/HAL/stm32yyxx_hal_adc.c.o
                0x08000cc8                HAL_ADC_Init
 .text.HAL_ADC_DeInit
                0x08000e14       0x34 .pio/build/genericSTM32F446RE/SrcWrapper/src/HAL/stm32yyxx_hal_adc.c.o
                0x08000e14                HAL_ADC_DeInit
 .text.HAL_ADC_Start
                0x08000e48       0xfc .pio/build/genericSTM32F446RE/SrcWrapper/src/HAL/stm32yyxx_hal_adc.c.o
                0x08000e48                HAL_ADC_Start
 .text.HAL_ADC_Stop
                0x08000f44       0x36 .pio/build/genericSTM32F446RE/SrcWrapper/src/HAL/stm32yyxx_hal_adc.c.o
                0x08000f44                HAL_ADC_Stop
 .text.HAL_ADC_PollForConversion
                0x08000f7a       0xa6 .pio/build/genericSTM32F446RE/SrcWrapper/src/HAL/stm32yyxx_hal_adc.c.o
                0x08000f7a                HAL_ADC_PollForConversion
 .text.HAL_ADC_GetValue
                0x08001020        0x6 .pio/build/genericSTM32F446RE/SrcWrapper/src/HAL/stm32yyxx_hal_adc.c.o
                0x08001020                HAL_ADC_GetValue
 *fill*         0x08001026        0x2 
 .text.HAL_ADC_ConfigChannel
                0x08001028      0x144 .pio/build/genericSTM32F446RE/SrcWrapper/src/HAL/stm32yyxx_hal_adc.c.o
                0x08001028                HAL_ADC_ConfigChannel
 .text.HAL_ADC_GetState
                0x0800116c        0x4 .pio/build/genericSTM32F446RE/SrcWrapper/src/HAL/stm32yyxx_hal_adc.c.o
                0x0800116c                HAL_ADC_GetState
 .text.HAL_NVIC_SetPriorityGrouping
                0x08001170       0x24 .pio/build/genericSTM32F446RE/SrcWrapper/src/HAL/stm32yyxx_hal_cortex.c.o
                0x08001170                HAL_NVIC_SetPriorityGrouping
 .text.HAL_NVIC_SetPriority
                0x08001194       0x64 .pio/build/genericSTM32F446RE/SrcWrapper/src/HAL/stm32yyxx_hal_cortex.c.o
                0x08001194                HAL_NVIC_SetPriority
 .text.HAL_NVIC_EnableIRQ
                0x080011f8       0x1c .pio/build/genericSTM32F446RE/SrcWrapper/src/HAL/stm32yyxx_hal_cortex.c.o
                0x080011f8                HAL_NVIC_EnableIRQ
 .text.HAL_NVIC_DisableIRQ
                0x08001214       0x24 .pio/build/genericSTM32F446RE/SrcWrapper/src/HAL/stm32yyxx_hal_cortex.c.o
                0x08001214                HAL_NVIC_DisableIRQ
 .text.HAL_SYSTICK_Config
                0x08001238       0x28 .pio/build/genericSTM32F446RE/SrcWrapper/src/HAL/stm32yyxx_hal_cortex.c.o
                0x08001238                HAL_SYSTICK_Config
 .text.HAL_NVIC_ClearPendingIRQ
                0x08001260       0x1c .pio/build/genericSTM32F446RE/SrcWrapper/src/HAL/stm32yyxx_hal_cortex.c.o
                0x08001260                HAL_NVIC_ClearPendingIRQ
 .text.HAL_SYSTICK_Callback
                0x0800127c        0x2 .pio/build/genericSTM32F446RE/SrcWrapper/src/HAL/stm32yyxx_hal_cortex.c.o
                0x0800127c                HAL_SYSTICK_Callback
 .text.HAL_SYSTICK_IRQHandler
                0x0800127e        0x8 .pio/build/genericSTM32F446RE/SrcWrapper/src/HAL/stm32yyxx_hal_cortex.c.o
                0x0800127e                HAL_SYSTICK_IRQHandler
 .text.HAL_CRC_MspInit
                0x08001286        0x2 .pio/build/genericSTM32F446RE/SrcWrapper/src/HAL/stm32yyxx_hal_crc.c.o
                0x08001286                HAL_CRC_MspInit
 .text.HAL_CRC_Init
                0x08001288       0x20 .pio/build/genericSTM32F446RE/SrcWrapper/src/HAL/stm32yyxx_hal_crc.c.o
                0x08001288                HAL_CRC_Init
 .text.HAL_DAC_Init
                0x080012a8       0x26 .pio/build/genericSTM32F446RE/SrcWrapper/src/HAL/stm32yyxx_hal_dac.c.o
                0x080012a8                HAL_DAC_Init
 .text.HAL_DAC_DeInit
                0x080012ce       0x1c .pio/build/genericSTM32F446RE/SrcWrapper/src/HAL/stm32yyxx_hal_dac.c.o
                0x080012ce                HAL_DAC_DeInit
 .text.HAL_DAC_Start
                0x080012ea       0x5a .pio/build/genericSTM32F446RE/SrcWrapper/src/HAL/stm32yyxx_hal_dac.c.o
                0x080012ea                HAL_DAC_Start
 .text.HAL_DAC_Stop
                0x08001344       0x22 .pio/build/genericSTM32F446RE/SrcWrapper/src/HAL/stm32yyxx_hal_dac.c.o
                0x08001344                HAL_DAC_Stop
 .text.HAL_DAC_SetValue
                0x08001366       0x2a .pio/build/genericSTM32F446RE/SrcWrapper/src/HAL/stm32yyxx_hal_dac.c.o
                0x08001366                HAL_DAC_SetValue
 .text.HAL_DAC_ConfigChannel
                0x08001390       0x50 .pio/build/genericSTM32F446RE/SrcWrapper/src/HAL/stm32yyxx_hal_dac.c.o
                0x08001390                HAL_DAC_ConfigChannel
 .text.HAL_DMA_Abort
                0x080013e0       0x7c .pio/build/genericSTM32F446RE/SrcWrapper/src/HAL/stm32yyxx_hal_dma.c.o
                0x080013e0                HAL_DMA_Abort
 .text.HAL_DMA_Abort_IT
                0x0800145c       0x24 .pio/build/genericSTM32F446RE/SrcWrapper/src/HAL/stm32yyxx_hal_dma.c.o
                0x0800145c                HAL_DMA_Abort_IT
 .text.HAL_DMA_GetState
                0x08001480        0x6 .pio/build/genericSTM32F446RE/SrcWrapper/src/HAL/stm32yyxx_hal_dma.c.o
                0x08001480                HAL_DMA_GetState
 *fill*         0x08001486        0x2 
 .text.HAL_GPIO_EXTI_IRQHandler
                0x08001488       0x18 .pio/build/genericSTM32F446RE/SrcWrapper/src/HAL/stm32yyxx_hal_gpio.c.o
                0x08001488                HAL_GPIO_EXTI_IRQHandler
 .text.I2C_WaitOnFlagUntilTimeout
                0x080014a0       0x80 .pio/build/genericSTM32F446RE/SrcWrapper/src/HAL/stm32yyxx_hal_i2c.c.o
 .text.HAL_I2C_MspInit
                0x08001520        0x2 .pio/build/genericSTM32F446RE/SrcWrapper/src/HAL/stm32yyxx_hal_i2c.c.o
                0x08001520                HAL_I2C_MspInit
 *fill*         0x08001522        0x2 
 .text.HAL_I2C_Init
                0x08001524      0x14c .pio/build/genericSTM32F446RE/SrcWrapper/src/HAL/stm32yyxx_hal_i2c.c.o
                0x08001524                HAL_I2C_Init
 .text.HAL_I2C_MspDeInit
                0x08001670        0x2 .pio/build/genericSTM32F446RE/SrcWrapper/src/HAL/stm32yyxx_hal_i2c.c.o
                0x08001670                HAL_I2C_MspDeInit
 .text.HAL_I2C_DeInit
                0x08001672       0x32 .pio/build/genericSTM32F446RE/SrcWrapper/src/HAL/stm32yyxx_hal_i2c.c.o
                0x08001672                HAL_I2C_DeInit
 .text.HAL_I2C_IsDeviceReady
                0x080016a4      0x160 .pio/build/genericSTM32F446RE/SrcWrapper/src/HAL/stm32yyxx_hal_i2c.c.o
                0x080016a4                HAL_I2C_IsDeviceReady
 .text.HAL_I2C_Master_Seq_Transmit_IT
                0x08001804       0xd0 .pio/build/genericSTM32F446RE/SrcWrapper/src/HAL/stm32yyxx_hal_i2c.c.o
                0x08001804                HAL_I2C_Master_Seq_Transmit_IT
 .text.HAL_I2C_Master_Seq_Receive_IT
                0x080018d4      0x10c .pio/build/genericSTM32F446RE/SrcWrapper/src/HAL/stm32yyxx_hal_i2c.c.o
                0x080018d4                HAL_I2C_Master_Seq_Receive_IT
 .text.HAL_I2C_Slave_Seq_Transmit_IT
                0x080019e0       0x76 .pio/build/genericSTM32F446RE/SrcWrapper/src/HAL/stm32yyxx_hal_i2c.c.o
                0x080019e0                HAL_I2C_Slave_Seq_Transmit_IT
 .text.HAL_I2C_Slave_Seq_Receive_IT
                0x08001a56       0x76 .pio/build/genericSTM32F446RE/SrcWrapper/src/HAL/stm32yyxx_hal_i2c.c.o
                0x08001a56                HAL_I2C_Slave_Seq_Receive_IT
 .text.HAL_I2C_EnableListen_IT
                0x08001acc       0x36 .pio/build/genericSTM32F446RE/SrcWrapper/src/HAL/stm32yyxx_hal_i2c.c.o
                0x08001acc                HAL_I2C_EnableListen_IT
 .text.HAL_I2C_MasterTxCpltCallback
                0x08001b02        0x2 .pio/build/genericSTM32F446RE/SrcWrapper/src/HAL/stm32yyxx_hal_i2c.c.o
                0x08001b02                HAL_I2C_MasterTxCpltCallback
 .text.HAL_I2C_MasterRxCpltCallback
                0x08001b04        0x2 .pio/build/genericSTM32F446RE/SrcWrapper/src/HAL/stm32yyxx_hal_i2c.c.o
                0x08001b04                HAL_I2C_MasterRxCpltCallback
 .text.HAL_I2C_MemTxCpltCallback
                0x08001b06        0x2 .pio/build/genericSTM32F446RE/SrcWrapper/src/HAL/stm32yyxx_hal_i2c.c.o
                0x08001b06                HAL_I2C_MemTxCpltCallback
 .text.I2C_MemoryTransmit_TXE_BTF
                0x08001b08       0xb6 .pio/build/genericSTM32F446RE/SrcWrapper/src/HAL/stm32yyxx_hal_i2c.c.o
 .text.HAL_I2C_MemRxCpltCallback
                0x08001bbe        0x2 .pio/build/genericSTM32F446RE/SrcWrapper/src/HAL/stm32yyxx_hal_i2c.c.o
                0x08001bbe                HAL_I2C_MemRxCpltCallback
 .text.HAL_I2C_AbortCpltCallback
                0x08001bc0        0x2 .pio/build/genericSTM32F446RE/SrcWrapper/src/HAL/stm32yyxx_hal_i2c.c.o
                0x08001bc0                HAL_I2C_AbortCpltCallback
 *fill*         0x08001bc2        0x2 
 .text.I2C_DMAAbort
                0x08001bc4       0xe4 .pio/build/genericSTM32F446RE/SrcWrapper/src/HAL/stm32yyxx_hal_i2c.c.o
 .text.I2C_ITError
                0x08001ca8      0x15c .pio/build/genericSTM32F446RE/SrcWrapper/src/HAL/stm32yyxx_hal_i2c.c.o
 .text.HAL_I2C_EV_IRQHandler
                0x08001e04      0x8c8 .pio/build/genericSTM32F446RE/SrcWrapper/src/HAL/stm32yyxx_hal_i2c.c.o
                0x08001e04                HAL_I2C_EV_IRQHandler
 .text.HAL_I2C_ER_IRQHandler
                0x080026cc      0x158 .pio/build/genericSTM32F446RE/SrcWrapper/src/HAL/stm32yyxx_hal_i2c.c.o
                0x080026cc                HAL_I2C_ER_IRQHandler
 .text.HAL_I2C_GetState
                0x08002824        0x6 .pio/build/genericSTM32F446RE/SrcWrapper/src/HAL/stm32yyxx_hal_i2c.c.o
                0x08002824                HAL_I2C_GetState
 .text.HAL_I2C_GetError
                0x0800282a        0x4 .pio/build/genericSTM32F446RE/SrcWrapper/src/HAL/stm32yyxx_hal_i2c.c.o
                0x0800282a                HAL_I2C_GetError
 *fill*         0x0800282e        0x2 
 .text.HAL_PWREx_EnableOverDrive
                0x08002830       0x74 .pio/build/genericSTM32F446RE/SrcWrapper/src/HAL/stm32yyxx_hal_pwr_ex.c.o
                0x08002830                HAL_PWREx_EnableOverDrive
 .text.HAL_RCC_ClockConfig
                0x080028a4      0x134 .pio/build/genericSTM32F446RE/SrcWrapper/src/HAL/stm32yyxx_hal_rcc.c.o
                0x080028a4                HAL_RCC_ClockConfig
 .text.HAL_RCC_GetHCLKFreq
                0x080029d8        0xc .pio/build/genericSTM32F446RE/SrcWrapper/src/HAL/stm32yyxx_hal_rcc.c.o
                0x080029d8                HAL_RCC_GetHCLKFreq
 .text.HAL_RCC_GetPCLK1Freq
                0x080029e4       0x20 .pio/build/genericSTM32F446RE/SrcWrapper/src/HAL/stm32yyxx_hal_rcc.c.o
                0x080029e4                HAL_RCC_GetPCLK1Freq
 .text.HAL_RCC_GetPCLK2Freq
                0x08002a04       0x20 .pio/build/genericSTM32F446RE/SrcWrapper/src/HAL/stm32yyxx_hal_rcc.c.o
                0x08002a04                HAL_RCC_GetPCLK2Freq
 .text.HAL_RCC_GetClockConfig
                0x08002a24       0x3c .pio/build/genericSTM32F446RE/SrcWrapper/src/HAL/stm32yyxx_hal_rcc.c.o
                0x08002a24                HAL_RCC_GetClockConfig
 .text.HAL_RCCEx_PeriphCLKConfig
                0x08002a60      0x414 .pio/build/genericSTM32F446RE/SrcWrapper/src/HAL/stm32yyxx_hal_rcc_ex.c.o
                0x08002a60                HAL_RCCEx_PeriphCLKConfig
 .text.HAL_RCCEx_GetPeriphCLKConfig
                0x08002e74       0xfc .pio/build/genericSTM32F446RE/SrcWrapper/src/HAL/stm32yyxx_hal_rcc_ex.c.o
                0x08002e74                HAL_RCCEx_GetPeriphCLKConfig
 .text.HAL_RCC_GetSysClockFreq
                0x08002f70       0x90 .pio/build/genericSTM32F446RE/SrcWrapper/src/HAL/stm32yyxx_hal_rcc_ex.c.o
                0x08002f70                HAL_RCC_GetSysClockFreq
 .text.HAL_RCC_OscConfig
                0x08003000      0x39c .pio/build/genericSTM32F446RE/SrcWrapper/src/HAL/stm32yyxx_hal_rcc_ex.c.o
                0x08003000                HAL_RCC_OscConfig
 .text.TIM_OC1_SetConfig
                0x0800339c       0x58 .pio/build/genericSTM32F446RE/SrcWrapper/src/HAL/stm32yyxx_hal_tim.c.o
 .text.TIM_OC3_SetConfig
                0x080033f4       0x5c .pio/build/genericSTM32F446RE/SrcWrapper/src/HAL/stm32yyxx_hal_tim.c.o
 .text.TIM_OC4_SetConfig
                0x08003450       0x4c .pio/build/genericSTM32F446RE/SrcWrapper/src/HAL/stm32yyxx_hal_tim.c.o
 .text.HAL_TIM_Base_Start
                0x0800349c       0x6c .pio/build/genericSTM32F446RE/SrcWrapper/src/HAL/stm32yyxx_hal_tim.c.o
                0x0800349c                HAL_TIM_Base_Start
 .text.HAL_TIM_GenerateEvent
                0x08003508       0x24 .pio/build/genericSTM32F446RE/SrcWrapper/src/HAL/stm32yyxx_hal_tim.c.o
                0x08003508                HAL_TIM_GenerateEvent
 .text.HAL_TIM_PWM_PulseFinishedCallback
                0x0800352c        0x2 .pio/build/genericSTM32F446RE/SrcWrapper/src/HAL/stm32yyxx_hal_tim.c.o
                0x0800352c                HAL_TIM_PWM_PulseFinishedCallback
 .text.HAL_TIM_TriggerCallback
                0x0800352e        0x2 .pio/build/genericSTM32F446RE/SrcWrapper/src/HAL/stm32yyxx_hal_tim.c.o
                0x0800352e                HAL_TIM_TriggerCallback
 .text.HAL_TIM_IRQHandler
                0x08003530      0x128 .pio/build/genericSTM32F446RE/SrcWrapper/src/HAL/stm32yyxx_hal_tim.c.o
                0x08003530                HAL_TIM_IRQHandler
 .text.TIM_Base_SetConfig
                0x08003658       0xb0 .pio/build/genericSTM32F446RE/SrcWrapper/src/HAL/stm32yyxx_hal_tim.c.o
                0x08003658                TIM_Base_SetConfig
 .text.HAL_TIM_Base_Init
                0x08003708       0x58 .pio/build/genericSTM32F446RE/SrcWrapper/src/HAL/stm32yyxx_hal_tim.c.o
                0x08003708                HAL_TIM_Base_Init
 .text.TIM_OC2_SetConfig
                0x08003760       0x60 .pio/build/genericSTM32F446RE/SrcWrapper/src/HAL/stm32yyxx_hal_tim.c.o
                0x08003760                TIM_OC2_SetConfig
 .text.HAL_TIM_OC_ConfigChannel
                0x080037c0       0x4c .pio/build/genericSTM32F446RE/SrcWrapper/src/HAL/stm32yyxx_hal_tim.c.o
                0x080037c0                HAL_TIM_OC_ConfigChannel
 .text.HAL_TIM_PWM_ConfigChannel
                0x0800380c       0xb0 .pio/build/genericSTM32F446RE/SrcWrapper/src/HAL/stm32yyxx_hal_tim.c.o
                0x0800380c                HAL_TIM_PWM_ConfigChannel
 .text.TIM_TI1_SetConfig
                0x080038bc       0x74 .pio/build/genericSTM32F446RE/SrcWrapper/src/HAL/stm32yyxx_hal_tim.c.o
                0x080038bc                TIM_TI1_SetConfig
 .text.HAL_TIM_IC_ConfigChannel
                0x08003930      0x126 .pio/build/genericSTM32F446RE/SrcWrapper/src/HAL/stm32yyxx_hal_tim.c.o
                0x08003930                HAL_TIM_IC_ConfigChannel
 .text.TIM_CCxChannelCmd
                0x08003a56       0x1c .pio/build/genericSTM32F446RE/SrcWrapper/src/HAL/stm32yyxx_hal_tim.c.o
                0x08003a56                TIM_CCxChannelCmd
 *fill*         0x08003a72        0x2 
 .text.HAL_TIM_OC_Start
                0x08003a74       0xbc .pio/build/genericSTM32F446RE/SrcWrapper/src/HAL/stm32yyxx_hal_tim.c.o
                0x08003a74                HAL_TIM_OC_Start
 .text.HAL_TIM_PWM_Start
                0x08003b30        0x4 .pio/build/genericSTM32F446RE/SrcWrapper/src/HAL/stm32yyxx_hal_tim.c.o
                0x08003b30                HAL_TIM_PWM_Start
 .text.HAL_TIM_IC_Start
                0x08003b34       0xf0 .pio/build/genericSTM32F446RE/SrcWrapper/src/HAL/stm32yyxx_hal_tim.c.o
                0x08003b34                HAL_TIM_IC_Start
 .text.TIM_CCxNChannelCmd
                0x08003c24       0x1c .pio/build/genericSTM32F446RE/SrcWrapper/src/HAL/stm32yyxx_hal_tim_ex.c.o
 .text.HAL_TIMEx_OCN_Start
                0x08003c40       0xb4 .pio/build/genericSTM32F446RE/SrcWrapper/src/HAL/stm32yyxx_hal_tim_ex.c.o
                0x08003c40                HAL_TIMEx_OCN_Start
 .text.HAL_TIMEx_PWMN_Start
                0x08003cf4        0x4 .pio/build/genericSTM32F446RE/SrcWrapper/src/HAL/stm32yyxx_hal_tim_ex.c.o
                0x08003cf4                HAL_TIMEx_PWMN_Start
 .text.HAL_TIMEx_CommutCallback
                0x08003cf8        0x2 .pio/build/genericSTM32F446RE/SrcWrapper/src/HAL/stm32yyxx_hal_tim_ex.c.o
                0x08003cf8                HAL_TIMEx_CommutCallback
 .text.HAL_TIMEx_BreakCallback
                0x08003cfa        0x2 .pio/build/genericSTM32F446RE/SrcWrapper/src/HAL/stm32yyxx_hal_tim_ex.c.o
                0x08003cfa                HAL_TIMEx_BreakCallback
 .text.UART_EndRxTransfer
                0x08003cfc       0x5c .pio/build/genericSTM32F446RE/SrcWrapper/src/HAL/stm32yyxx_hal_uart.c.o
 .text.UART_SetConfig
                0x08003d58       0xbc .pio/build/genericSTM32F446RE/SrcWrapper/src/HAL/stm32yyxx_hal_uart.c.o
 .text.HAL_UART_MspInit
                0x08003e14        0x2 .pio/build/genericSTM32F446RE/SrcWrapper/src/HAL/stm32yyxx_hal_uart.c.o
                0x08003e14                HAL_UART_MspInit
 .text.HAL_UART_Init
                0x08003e16       0x5e .pio/build/genericSTM32F446RE/SrcWrapper/src/HAL/stm32yyxx_hal_uart.c.o
                0x08003e16                HAL_UART_Init
 .text.HAL_HalfDuplex_Init
                0x08003e74       0x66 .pio/build/genericSTM32F446RE/SrcWrapper/src/HAL/stm32yyxx_hal_uart.c.o
                0x08003e74                HAL_HalfDuplex_Init
 .text.HAL_UART_Transmit_IT
                0x08003eda       0x32 .pio/build/genericSTM32F446RE/SrcWrapper/src/HAL/stm32yyxx_hal_uart.c.o
                0x08003eda                HAL_UART_Transmit_IT
 .text.UART_DMAAbortOnError
                0x08003f0c       0x10 .pio/build/genericSTM32F446RE/SrcWrapper/src/HAL/stm32yyxx_hal_uart.c.o
 .text.HAL_UARTEx_RxEventCallback
                0x08003f1c        0x2 .pio/build/genericSTM32F446RE/SrcWrapper/src/HAL/stm32yyxx_hal_uart.c.o
                0x08003f1c                HAL_UARTEx_RxEventCallback
 .text.UART_Receive_IT.isra.0
                0x08003f1e       0xb6 .pio/build/genericSTM32F446RE/SrcWrapper/src/HAL/stm32yyxx_hal_uart.c.o
 .text.HAL_UART_IRQHandler
                0x08003fd4      0x2dc .pio/build/genericSTM32F446RE/SrcWrapper/src/HAL/stm32yyxx_hal_uart.c.o
                0x08003fd4                HAL_UART_IRQHandler
 .text.HAL_HalfDuplex_EnableTransmitter
                0x080042b0       0x30 .pio/build/genericSTM32F446RE/SrcWrapper/src/HAL/stm32yyxx_hal_uart.c.o
                0x080042b0                HAL_HalfDuplex_EnableTransmitter
 .text.HAL_HalfDuplex_EnableReceiver
                0x080042e0       0x30 .pio/build/genericSTM32F446RE/SrcWrapper/src/HAL/stm32yyxx_hal_uart.c.o
                0x080042e0                HAL_HalfDuplex_EnableReceiver
 .text.HAL_UART_GetState
                0x08004310        0xc .pio/build/genericSTM32F446RE/SrcWrapper/src/HAL/stm32yyxx_hal_uart.c.o
                0x08004310                HAL_UART_GetState
 .text.UART_Start_Receive_IT
                0x0800431c       0x32 .pio/build/genericSTM32F446RE/SrcWrapper/src/HAL/stm32yyxx_hal_uart.c.o
                0x0800431c                UART_Start_Receive_IT
 .text.HAL_UART_Receive_IT
                0x0800434e       0x22 .pio/build/genericSTM32F446RE/SrcWrapper/src/HAL/stm32yyxx_hal_uart.c.o
                0x0800434e                HAL_UART_Receive_IT
 .text._ZNSt8functionIFvvEEaSEDn.isra.0
                0x08004370       0x16 .pio/build/genericSTM32F446RE/SrcWrapper/src/HardwareTimer.cpp.o
 .text._ZNSt14_Function_baseD2Ev
                0x08004386       0x12 .pio/build/genericSTM32F446RE/SrcWrapper/src/HardwareTimer.cpp.o
                0x08004386                std::_Function_base::~_Function_base()
                0x08004386                std::_Function_base::~_Function_base()
 .text._ZN13HardwareTimer10getChannelEm
                0x08004398       0x10 .pio/build/genericSTM32F446RE/SrcWrapper/src/HardwareTimer.cpp.o
                0x08004398                HardwareTimer::getChannel(unsigned long)
 .text._ZN13HardwareTimer12getLLChannelEm
                0x080043a8       0x28 .pio/build/genericSTM32F446RE/SrcWrapper/src/HardwareTimer.cpp.o
                0x080043a8                HardwareTimer::getLLChannel(unsigned long)
 .text._ZN13HardwareTimer5getITEm
                0x080043d0       0x14 .pio/build/genericSTM32F446RE/SrcWrapper/src/HardwareTimer.cpp.o
                0x080043d0                HardwareTimer::getIT(unsigned long)
 .text._ZN13HardwareTimer20getAssociatedChannelEm
                0x080043e4       0x14 .pio/build/genericSTM32F446RE/SrcWrapper/src/HardwareTimer.cpp.o
                0x080043e4                HardwareTimer::getAssociatedChannel(unsigned long)
 .text._ZN13HardwareTimer13resumeChannelEm
                0x080043f8       0xf4 .pio/build/genericSTM32F446RE/SrcWrapper/src/HardwareTimer.cpp.o
                0x080043f8                HardwareTimer::resumeChannel(unsigned long)
 .text._ZN13HardwareTimer6resumeEv
                0x080044ec       0x42 .pio/build/genericSTM32F446RE/SrcWrapper/src/HardwareTimer.cpp.o
                0x080044ec                HardwareTimer::resume()
 *fill*         0x0800452e        0x2 
 .text._ZN13HardwareTimer7setModeEm12TimerModes_t7PinName20ChannelInputFilter_t
                0x08004530      0x154 .pio/build/genericSTM32F446RE/SrcWrapper/src/HardwareTimer.cpp.o
                0x08004530                HardwareTimer::setMode(unsigned long, TimerModes_t, PinName, ChannelInputFilter_t)
 .text._ZN13HardwareTimer7getModeEm
                0x08004684       0x10 .pio/build/genericSTM32F446RE/SrcWrapper/src/HardwareTimer.cpp.o
                0x08004684                HardwareTimer::getMode(unsigned long)
 .text._ZN13HardwareTimer7refreshEv
                0x08004694        0x8 .pio/build/genericSTM32F446RE/SrcWrapper/src/HardwareTimer.cpp.o
                0x08004694                HardwareTimer::refresh()
 .text._ZN13HardwareTimer9isRunningEv
                0x0800469c        0xa .pio/build/genericSTM32F446RE/SrcWrapper/src/HardwareTimer.cpp.o
                0x0800469c                HardwareTimer::isRunning()
 .text._ZN13HardwareTimer27updateRegistersIfNotRunningEP11TIM_TypeDef
                0x080046a6       0x3a .pio/build/genericSTM32F446RE/SrcWrapper/src/HardwareTimer.cpp.o
                0x080046a6                HardwareTimer::updateRegistersIfNotRunning(TIM_TypeDef*)
 .text._Z15get_timer_indexP11TIM_TypeDef
                0x080046e0       0xb0 .pio/build/genericSTM32F446RE/SrcWrapper/src/HardwareTimer.cpp.o
                0x080046e0                get_timer_index(TIM_TypeDef*)
 .text._ZN13HardwareTimerD2Ev
                0x08004790       0x40 .pio/build/genericSTM32F446RE/SrcWrapper/src/HardwareTimer.cpp.o
                0x08004790                HardwareTimer::~HardwareTimer()
                0x08004790                HardwareTimer::~HardwareTimer()
 .text._ZN13HardwareTimer5setupEP11TIM_TypeDef
                0x080047d0       0x90 .pio/build/genericSTM32F446RE/SrcWrapper/src/HardwareTimer.cpp.o
                0x080047d0                HardwareTimer::setup(TIM_TypeDef*)
 .text._ZN13HardwareTimer15getTimerClkFreqEv
                0x08004860       0x8a .pio/build/genericSTM32F446RE/SrcWrapper/src/HardwareTimer.cpp.o
                0x08004860                HardwareTimer::getTimerClkFreq()
 *fill*         0x080048ea        0x2 
 .text._ZN13HardwareTimer11setOverflowEm13TimerFormat_t
                0x080048ec       0x4c .pio/build/genericSTM32F446RE/SrcWrapper/src/HardwareTimer.cpp.o
                0x080048ec                HardwareTimer::setOverflow(unsigned long, TimerFormat_t)
 .text._ZN13HardwareTimer17setCaptureCompareEmm20TimerCompareFormat_t
                0x08004938       0xa4 .pio/build/genericSTM32F446RE/SrcWrapper/src/HardwareTimer.cpp.o
                0x08004938                HardwareTimer::setCaptureCompare(unsigned long, unsigned long, TimerCompareFormat_t)
 .text.TIM1_UP_TIM10_IRQHandler
                0x080049dc       0x24 .pio/build/genericSTM32F446RE/SrcWrapper/src/HardwareTimer.cpp.o
                0x080049dc                TIM1_UP_TIM10_IRQHandler
 .text.TIM1_CC_IRQHandler
                0x08004a00       0x14 .pio/build/genericSTM32F446RE/SrcWrapper/src/HardwareTimer.cpp.o
                0x08004a00                TIM1_CC_IRQHandler
 .text.TIM2_IRQHandler
                0x08004a14       0x14 .pio/build/genericSTM32F446RE/SrcWrapper/src/HardwareTimer.cpp.o
                0x08004a14                TIM2_IRQHandler
 .text.TIM3_IRQHandler
                0x08004a28       0x14 .pio/build/genericSTM32F446RE/SrcWrapper/src/HardwareTimer.cpp.o
                0x08004a28                TIM3_IRQHandler
 .text.TIM4_IRQHandler
                0x08004a3c       0x14 .pio/build/genericSTM32F446RE/SrcWrapper/src/HardwareTimer.cpp.o
                0x08004a3c                TIM4_IRQHandler
 .text.TIM5_IRQHandler
                0x08004a50       0x14 .pio/build/genericSTM32F446RE/SrcWrapper/src/HardwareTimer.cpp.o
                0x08004a50                TIM5_IRQHandler
 .text.TIM6_DAC_IRQHandler
                0x08004a64       0x14 .pio/build/genericSTM32F446RE/SrcWrapper/src/HardwareTimer.cpp.o
                0x08004a64                TIM6_DAC_IRQHandler
 .text.TIM7_IRQHandler
                0x08004a78       0x14 .pio/build/genericSTM32F446RE/SrcWrapper/src/HardwareTimer.cpp.o
                0x08004a78                TIM7_IRQHandler
 .text.TIM8_UP_TIM13_IRQHandler
                0x08004a8c       0x24 .pio/build/genericSTM32F446RE/SrcWrapper/src/HardwareTimer.cpp.o
                0x08004a8c                TIM8_UP_TIM13_IRQHandler
 .text.TIM8_CC_IRQHandler
                0x08004ab0       0x14 .pio/build/genericSTM32F446RE/SrcWrapper/src/HardwareTimer.cpp.o
                0x08004ab0                TIM8_CC_IRQHandler
 .text.TIM1_BRK_TIM9_IRQHandler
                0x08004ac4       0x14 .pio/build/genericSTM32F446RE/SrcWrapper/src/HardwareTimer.cpp.o
                0x08004ac4                TIM1_BRK_TIM9_IRQHandler
 .text.TIM1_TRG_COM_TIM11_IRQHandler
                0x08004ad8       0x14 .pio/build/genericSTM32F446RE/SrcWrapper/src/HardwareTimer.cpp.o
                0x08004ad8                TIM1_TRG_COM_TIM11_IRQHandler
 .text.TIM8_BRK_TIM12_IRQHandler
                0x08004aec       0x14 .pio/build/genericSTM32F446RE/SrcWrapper/src/HardwareTimer.cpp.o
                0x08004aec                TIM8_BRK_TIM12_IRQHandler
 .text.TIM8_TRG_COM_TIM14_IRQHandler
                0x08004b00       0x14 .pio/build/genericSTM32F446RE/SrcWrapper/src/HardwareTimer.cpp.o
                0x08004b00                TIM8_TRG_COM_TIM14_IRQHandler
 .text._ZNSt8functionIFvvEEC2Ev
                0x08004b14        0xc .pio/build/genericSTM32F446RE/SrcWrapper/src/HardwareTimer.cpp.o
                0x08004b14                std::function<void ()>::function()
                0x08004b14                std::function<void ()>::function()
 .text._ZN13HardwareTimerC2EP11TIM_TypeDef
                0x08004b20       0x2a .pio/build/genericSTM32F446RE/SrcWrapper/src/HardwareTimer.cpp.o
                0x08004b20                HardwareTimer::HardwareTimer(TIM_TypeDef*)
                0x08004b20                HardwareTimer::HardwareTimer(TIM_TypeDef*)
 .text._ZNKSt8functionIFvvEEclEv
                0x08004b4a       0x12 .pio/build/genericSTM32F446RE/SrcWrapper/src/HardwareTimer.cpp.o
                0x08004b4a                std::function<void ()>::operator()() const
 .text._ZN13HardwareTimer14updateCallbackEP17TIM_HandleTypeDef
                0x08004b5c       0x18 .pio/build/genericSTM32F446RE/SrcWrapper/src/HardwareTimer.cpp.o
                0x08004b5c                HardwareTimer::updateCallback(TIM_HandleTypeDef*)
 .text.HAL_TIM_PeriodElapsedCallback
                0x08004b74        0x4 .pio/build/genericSTM32F446RE/SrcWrapper/src/HardwareTimer.cpp.o
                0x08004b74                HAL_TIM_PeriodElapsedCallback
 .text._ZN13HardwareTimer22captureCompareCallbackEP17TIM_HandleTypeDef
                0x08004b78       0x3e .pio/build/genericSTM32F446RE/SrcWrapper/src/HardwareTimer.cpp.o
                0x08004b78                HardwareTimer::captureCompareCallback(TIM_HandleTypeDef*)
 .text.HAL_TIM_OC_DelayElapsedCallback
                0x08004bb6        0x4 .pio/build/genericSTM32F446RE/SrcWrapper/src/HardwareTimer.cpp.o
                0x08004bb6                HAL_TIM_OC_DelayElapsedCallback
 .text.HAL_TIM_IC_CaptureCallback
                0x08004bba        0x4 .pio/build/genericSTM32F446RE/SrcWrapper/src/HardwareTimer.cpp.o
                0x08004bba                HAL_TIM_IC_CaptureCallback
 .text._Znwj    0x08004bbe        0x4 .pio/build/genericSTM32F446RE/SrcWrapper/src/new.cpp.o
                0x08004bbe                operator new(unsigned int)
 .text._ZdlPvj  0x08004bc2        0x4 .pio/build/genericSTM32F446RE/SrcWrapper/src/new.cpp.o
                0x08004bc2                operator delete(void*, unsigned int)
 *fill*         0x08004bc6        0x2 
 .text.set_GPIO_Port_Clock
                0x08004bc8      0x110 .pio/build/genericSTM32F446RE/SrcWrapper/src/stm32/PortNames.c.o
                0x08004bc8                set_GPIO_Port_Clock
 .text.get_adc_channel
                0x08004cd8       0x18 .pio/build/genericSTM32F446RE/SrcWrapper/src/stm32/analog.cpp.o
                0x08004cd8                get_adc_channel
 .text.get_adc_internal_channel
                0x08004cf0       0x18 .pio/build/genericSTM32F446RE/SrcWrapper/src/stm32/analog.cpp.o
                0x08004cf0                get_adc_internal_channel
 .text.get_dac_channel
                0x08004d08       0x24 .pio/build/genericSTM32F446RE/SrcWrapper/src/stm32/analog.cpp.o
                0x08004d08                get_dac_channel
 .text.HAL_DAC_MspInit
                0x08004d2c       0x40 .pio/build/genericSTM32F446RE/SrcWrapper/src/stm32/analog.cpp.o
                0x08004d2c                HAL_DAC_MspInit
 .text.dac_write_value
                0x08004d6c       0x7c .pio/build/genericSTM32F446RE/SrcWrapper/src/stm32/analog.cpp.o
                0x08004d6c                dac_write_value
 .text.HAL_DAC_MspDeInit
                0x08004de8       0x2c .pio/build/genericSTM32F446RE/SrcWrapper/src/stm32/analog.cpp.o
                0x08004de8                HAL_DAC_MspDeInit
 .text.dac_stop
                0x08004e14       0x34 .pio/build/genericSTM32F446RE/SrcWrapper/src/stm32/analog.cpp.o
                0x08004e14                dac_stop
 .text.HAL_ADC_MspInit
                0x08004e48       0x90 .pio/build/genericSTM32F446RE/SrcWrapper/src/stm32/analog.cpp.o
                0x08004e48                HAL_ADC_MspInit
 .text.HAL_ADC_MspDeInit
                0x08004ed8       0x58 .pio/build/genericSTM32F446RE/SrcWrapper/src/stm32/analog.cpp.o
                0x08004ed8                HAL_ADC_MspDeInit
 .text.adc_read_value
                0x08004f30      0x140 .pio/build/genericSTM32F446RE/SrcWrapper/src/stm32/analog.cpp.o
                0x08004f30                adc_read_value
 .text.pwm_start
                0x08005070       0xa4 .pio/build/genericSTM32F446RE/SrcWrapper/src/stm32/analog.cpp.o
                0x08005070                pwm_start
 .text.pwm_stop
                0x08005114       0x5c .pio/build/genericSTM32F446RE/SrcWrapper/src/stm32/analog.cpp.o
                0x08005114                pwm_stop
 .text.getCurrentMillis
                0x08005170        0x4 .pio/build/genericSTM32F446RE/SrcWrapper/src/stm32/clock.c.o
                0x08005170                getCurrentMillis
 .text.SysTick_Handler
                0x08005174       0x10 .pio/build/genericSTM32F446RE/SrcWrapper/src/stm32/clock.c.o
                0x08005174                SysTick_Handler
 .text.configHSECapacitorTuning
                0x08005184        0x2 .pio/build/genericSTM32F446RE/SrcWrapper/src/stm32/clock.c.o
                0x08005184                configHSECapacitorTuning
 *fill*         0x08005186        0x2 
 .text.configIPClock
                0x08005188       0x4c .pio/build/genericSTM32F446RE/SrcWrapper/src/stm32/clock.c.o
                0x08005188                configIPClock
 .text.dwt_init
                0x080051d4       0x3c .pio/build/genericSTM32F446RE/SrcWrapper/src/stm32/dwt.c.o
                0x080051d4                dwt_init
 .text.hw_config_init
                0x08005210       0x24 .pio/build/genericSTM32F446RE/SrcWrapper/src/stm32/hw_config.c.o
                0x08005210                hw_config_init
 .text.startup._ZNSt8functionIFvvEEC2EDn.constprop.0.isra.0
                0x08005234        0xc .pio/build/genericSTM32F446RE/SrcWrapper/src/stm32/interrupt.cpp.o
 .text.HAL_GPIO_EXTI_Callback
                0x08005240       0x2c .pio/build/genericSTM32F446RE/SrcWrapper/src/stm32/interrupt.cpp.o
                0x08005240                HAL_GPIO_EXTI_Callback
 .text.EXTI0_IRQHandler
                0x0800526c        0x6 .pio/build/genericSTM32F446RE/SrcWrapper/src/stm32/interrupt.cpp.o
                0x0800526c                EXTI0_IRQHandler
 .text.EXTI1_IRQHandler
                0x08005272        0x6 .pio/build/genericSTM32F446RE/SrcWrapper/src/stm32/interrupt.cpp.o
                0x08005272                EXTI1_IRQHandler
 .text.EXTI2_IRQHandler
                0x08005278        0x6 .pio/build/genericSTM32F446RE/SrcWrapper/src/stm32/interrupt.cpp.o
                0x08005278                EXTI2_IRQHandler
 .text.EXTI3_IRQHandler
                0x0800527e        0x6 .pio/build/genericSTM32F446RE/SrcWrapper/src/stm32/interrupt.cpp.o
                0x0800527e                EXTI3_IRQHandler
 .text.EXTI4_IRQHandler
                0x08005284        0x6 .pio/build/genericSTM32F446RE/SrcWrapper/src/stm32/interrupt.cpp.o
                0x08005284                EXTI4_IRQHandler
 .text.EXTI9_5_IRQHandler
                0x0800528a       0x16 .pio/build/genericSTM32F446RE/SrcWrapper/src/stm32/interrupt.cpp.o
                0x0800528a                EXTI9_5_IRQHandler
 .text.EXTI15_10_IRQHandler
                0x080052a0       0x18 .pio/build/genericSTM32F446RE/SrcWrapper/src/stm32/interrupt.cpp.o
                0x080052a0                EXTI15_10_IRQHandler
 .text.startup._GLOBAL__sub_I__Z22stm32_interrupt_enableP12GPIO_TypeDeftSt8functionIFvvEEm
                0x080052b8       0xd8 .pio/build/genericSTM32F446RE/SrcWrapper/src/stm32/interrupt.cpp.o
 .text.exit._GLOBAL__sub_D__Z22stm32_interrupt_enableP12GPIO_TypeDeftSt8functionIFvvEEm
                0x08005390       0x1c .pio/build/genericSTM32F446RE/SrcWrapper/src/stm32/interrupt.cpp.o
 .text.LL_GPIO_SetPinPull
                0x080053ac       0x2a .pio/build/genericSTM32F446RE/SrcWrapper/src/stm32/pinmap.c.o
 .text.pin_in_pinmap
                0x080053d6       0x1e .pio/build/genericSTM32F446RE/SrcWrapper/src/stm32/pinmap.c.o
                0x080053d6                pin_in_pinmap
 .text.pin_function
                0x080053f4      0x11c .pio/build/genericSTM32F446RE/SrcWrapper/src/stm32/pinmap.c.o
                0x080053f4                pin_function
 .text.pinmap_pinout
                0x08005510       0x1a .pio/build/genericSTM32F446RE/SrcWrapper/src/stm32/pinmap.c.o
                0x08005510                pinmap_pinout
 .text.pinmap_find_peripheral
                0x0800552a       0x16 .pio/build/genericSTM32F446RE/SrcWrapper/src/stm32/pinmap.c.o
                0x0800552a                pinmap_find_peripheral
 .text.pinmap_peripheral
                0x08005540        0xc .pio/build/genericSTM32F446RE/SrcWrapper/src/stm32/pinmap.c.o
                0x08005540                pinmap_peripheral
 .text.pinmap_find_pin
                0x0800554c       0x16 .pio/build/genericSTM32F446RE/SrcWrapper/src/stm32/pinmap.c.o
                0x0800554c                pinmap_find_pin
 .text.pinmap_pin
                0x08005562        0xc .pio/build/genericSTM32F446RE/SrcWrapper/src/stm32/pinmap.c.o
                0x08005562                pinmap_pin
 .text.pinmap_find_function
                0x0800556e       0x16 .pio/build/genericSTM32F446RE/SrcWrapper/src/stm32/pinmap.c.o
                0x0800556e                pinmap_find_function
 .text.pinmap_function
                0x08005584        0xa .pio/build/genericSTM32F446RE/SrcWrapper/src/stm32/pinmap.c.o
                0x08005584                pinmap_function
 .text.pinmap_merge_peripheral
                0x0800558e       0x14 .pio/build/genericSTM32F446RE/SrcWrapper/src/stm32/pinmap.c.o
                0x0800558e                pinmap_merge_peripheral
 *fill*         0x080055a2        0x2 
 .text.SystemInit
                0x080055a4       0x50 .pio/build/genericSTM32F446RE/SrcWrapper/src/stm32/system_stm32yyxx.c.o
                0x080055a4                SystemInit
 .text.get_timer_obj
                0x080055f4        0x4 .pio/build/genericSTM32F446RE/SrcWrapper/src/stm32/timer.c.o
                0x080055f4                get_timer_obj
 .text.enableTimerClock
                0x080055f8      0x200 .pio/build/genericSTM32F446RE/SrcWrapper/src/stm32/timer.c.o
                0x080055f8                enableTimerClock
 .text.disableTimerClock
                0x080057f8      0x130 .pio/build/genericSTM32F446RE/SrcWrapper/src/stm32/timer.c.o
                0x080057f8                disableTimerClock
 .text.getTimerUpIrq
                0x08005928       0xbc .pio/build/genericSTM32F446RE/SrcWrapper/src/stm32/timer.c.o
                0x08005928                getTimerUpIrq
 .text.getTimerCCIrq
                0x080059e4       0xc4 .pio/build/genericSTM32F446RE/SrcWrapper/src/stm32/timer.c.o
                0x080059e4                getTimerCCIrq
 .text.HAL_TIM_Base_MspInit
                0x08005aa8       0x4e .pio/build/genericSTM32F446RE/SrcWrapper/src/stm32/timer.c.o
                0x08005aa8                HAL_TIM_Base_MspInit
 *fill*         0x08005af6        0x2 
 .text.getTimerClkSrc
                0x08005af8       0x9c .pio/build/genericSTM32F446RE/SrcWrapper/src/stm32/timer.c.o
                0x08005af8                getTimerClkSrc
 .text.getTimerChannel
                0x08005b94       0x20 .pio/build/genericSTM32F446RE/SrcWrapper/src/stm32/timer.c.o
                0x08005b94                getTimerChannel
 .text.uart_init.part.0
                0x08005bb4      0x278 .pio/build/genericSTM32F446RE/SrcWrapper/src/stm32/uart.c.o
 .text.uart_init
                0x08005e2c       0x16 .pio/build/genericSTM32F446RE/SrcWrapper/src/stm32/uart.c.o
                0x08005e2c                uart_init
 *fill*         0x08005e42        0x2 
 .text.serial_rx_active
                0x08005e44       0x24 .pio/build/genericSTM32F446RE/SrcWrapper/src/stm32/uart.c.o
                0x08005e44                serial_rx_active
 .text.serial_tx_active
                0x08005e68       0x24 .pio/build/genericSTM32F446RE/SrcWrapper/src/stm32/uart.c.o
                0x08005e68                serial_tx_active
 .text.uart_getc
                0x08005e8c       0x38 .pio/build/genericSTM32F446RE/SrcWrapper/src/stm32/uart.c.o
                0x08005e8c                uart_getc
 .text.uart_attach_rx_callback
                0x08005ec4       0x40 .pio/build/genericSTM32F446RE/SrcWrapper/src/stm32/uart.c.o
                0x08005ec4                uart_attach_rx_callback
 .text.uart_attach_tx_callback
                0x08005f04       0x40 .pio/build/genericSTM32F446RE/SrcWrapper/src/stm32/uart.c.o
                0x08005f04                uart_attach_tx_callback
 .text.uart_enable_tx
                0x08005f44       0x1c .pio/build/genericSTM32F446RE/SrcWrapper/src/stm32/uart.c.o
                0x08005f44                uart_enable_tx
 .text.uart_enable_rx
                0x08005f60       0x1c .pio/build/genericSTM32F446RE/SrcWrapper/src/stm32/uart.c.o
                0x08005f60                uart_enable_rx
 .text.HAL_UART_RxCpltCallback
                0x08005f7c        0x6 .pio/build/genericSTM32F446RE/SrcWrapper/src/stm32/uart.c.o
                0x08005f7c                HAL_UART_RxCpltCallback
 .text.HAL_UART_TxCpltCallback
                0x08005f82        0x6 .pio/build/genericSTM32F446RE/SrcWrapper/src/stm32/uart.c.o
                0x08005f82                HAL_UART_TxCpltCallback
 .text.HAL_UART_ErrorCallback
                0x08005f88       0x7c .pio/build/genericSTM32F446RE/SrcWrapper/src/stm32/uart.c.o
                0x08005f88                HAL_UART_ErrorCallback
 .text.USART1_IRQHandler
                0x08006004       0x18 .pio/build/genericSTM32F446RE/SrcWrapper/src/stm32/uart.c.o
                0x08006004                USART1_IRQHandler
 .text.USART2_IRQHandler
                0x0800601c       0x1c .pio/build/genericSTM32F446RE/SrcWrapper/src/stm32/uart.c.o
                0x0800601c                USART2_IRQHandler
 .text.USART3_IRQHandler
                0x08006038       0x1c .pio/build/genericSTM32F446RE/SrcWrapper/src/stm32/uart.c.o
                0x08006038                USART3_IRQHandler
 .text.UART4_IRQHandler
                0x08006054       0x18 .pio/build/genericSTM32F446RE/SrcWrapper/src/stm32/uart.c.o
                0x08006054                UART4_IRQHandler
 .text.UART5_IRQHandler
                0x0800606c       0x18 .pio/build/genericSTM32F446RE/SrcWrapper/src/stm32/uart.c.o
                0x0800606c                UART5_IRQHandler
 .text.USART6_IRQHandler
                0x08006084       0x18 .pio/build/genericSTM32F446RE/SrcWrapper/src/stm32/uart.c.o
                0x08006084                USART6_IRQHandler
 .text._exit    0x0800609c        0x2 .pio/build/genericSTM32F446RE/SrcWrapper/src/syscalls.c.o
                0x0800609c                _exit
 *fill*         0x0800609e        0x2 
 .text._kill    0x080060a0       0x10 .pio/build/genericSTM32F446RE/SrcWrapper/src/syscalls.c.o
                0x080060a0                _kill
 .text._getpid  0x080060b0        0x4 .pio/build/genericSTM32F446RE/SrcWrapper/src/syscalls.c.o
                0x080060b0                _getpid
 .text.vListInsertEnd
                0x080060b4       0x16 .pio/build/genericSTM32F446RE/lib506/STM32duino FreeRTOS/FreeRTOS/Source/list.c.o
                0x080060b4                vListInsertEnd
 .text.uxListRemove
                0x080060ca       0x20 .pio/build/genericSTM32F446RE/lib506/STM32duino FreeRTOS/FreeRTOS/Source/list.c.o
                0x080060ca                uxListRemove
 *fill*         0x080060ea        0x2 
 .text.prvResetNextTaskUnblockTime
                0x080060ec       0x24 .pio/build/genericSTM32F446RE/lib506/STM32duino FreeRTOS/FreeRTOS/Source/tasks.c.o
 .text.vTaskSuspendAll
                0x08006110       0x10 .pio/build/genericSTM32F446RE/lib506/STM32duino FreeRTOS/FreeRTOS/Source/tasks.c.o
                0x08006110                vTaskSuspendAll
 .text.xTaskIncrementTick
                0x08006120      0x140 .pio/build/genericSTM32F446RE/lib506/STM32duino FreeRTOS/FreeRTOS/Source/tasks.c.o
                0x08006120                xTaskIncrementTick
 .text.xTaskResumeAll
                0x08006260       0xec .pio/build/genericSTM32F446RE/lib506/STM32duino FreeRTOS/FreeRTOS/Source/tasks.c.o
                0x08006260                xTaskResumeAll
 .text.vTaskSwitchContext
                0x0800634c       0x80 .pio/build/genericSTM32F446RE/lib506/STM32duino FreeRTOS/FreeRTOS/Source/tasks.c.o
                0x0800634c                vTaskSwitchContext
 .text.xTaskGetSchedulerState
                0x080063cc       0x20 .pio/build/genericSTM32F446RE/lib506/STM32duino FreeRTOS/FreeRTOS/Source/tasks.c.o
                0x080063cc                xTaskGetSchedulerState
 .text.delayMS  0x080063ec       0x20 .pio/build/genericSTM32F446RE/lib506/STM32duino FreeRTOS/STM32FreeRTOS.c.o
 .text.errorBlink
                0x0800640c       0x40 .pio/build/genericSTM32F446RE/lib506/STM32duino FreeRTOS/STM32FreeRTOS.c.o
 .text.hard_fault_isr
                0x0800644c        0x8 .pio/build/genericSTM32F446RE/lib506/STM32duino FreeRTOS/STM32FreeRTOS.c.o
                0x0800644c                hard_fault_isr
 .text.HardFault_Handler
                0x08006454        0x6 .pio/build/genericSTM32F446RE/lib506/STM32duino FreeRTOS/STM32FreeRTOS.c.o
                0x08006454                HardFault_Handler
 .text.bus_fault_isr
                0x0800645a        0x8 .pio/build/genericSTM32F446RE/lib506/STM32duino FreeRTOS/STM32FreeRTOS.c.o
                0x0800645a                bus_fault_isr
 .text.BusFault_Handler
                0x08006462        0x6 .pio/build/genericSTM32F446RE/lib506/STM32duino FreeRTOS/STM32FreeRTOS.c.o
                0x08006462                BusFault_Handler
 .text.usage_fault_isr
                0x08006468        0x8 .pio/build/genericSTM32F446RE/lib506/STM32duino FreeRTOS/STM32FreeRTOS.c.o
                0x08006468                usage_fault_isr
 .text.UsageFault_Handler
                0x08006470        0x6 .pio/build/genericSTM32F446RE/lib506/STM32duino FreeRTOS/STM32FreeRTOS.c.o
                0x08006470                UsageFault_Handler
 .text.vApplicationTickHook
                0x08006476        0x2 .pio/build/genericSTM32F446RE/lib506/STM32duino FreeRTOS/STM32FreeRTOS.c.o
                0x08006476                vApplicationTickHook
 .text.osSystickHandler
                0x08006478       0x14 .pio/build/genericSTM32F446RE/lib506/STM32duino FreeRTOS/cmsis_os.c.o
                0x08006478                osSystickHandler
 .text._sbrk_r  0x0800648c       0x7c .pio/build/genericSTM32F446RE/lib506/STM32duino FreeRTOS/heap.c.o
                0x0800648c                _sbrk_r
 .text.__malloc_lock
                0x08006508       0x1c .pio/build/genericSTM32F446RE/lib506/STM32duino FreeRTOS/heap.c.o
                0x08006508                __malloc_lock
 .text.__malloc_unlock
                0x08006524        0x4 .pio/build/genericSTM32F446RE/lib506/STM32duino FreeRTOS/heap.c.o
                0x08006524                __malloc_unlock
 *fill*         0x08006528        0x8 
 .text.SVC_Handler
                0x08006530       0x24 .pio/build/genericSTM32F446RE/lib506/STM32duino FreeRTOS/port.c.o
                0x08006530                SVC_Handler
 .text.vPortEnterCritical
                0x08006554       0x40 .pio/build/genericSTM32F446RE/lib506/STM32duino FreeRTOS/port.c.o
                0x08006554                vPortEnterCritical
 .text.vPortExitCritical
                0x08006594       0x28 .pio/build/genericSTM32F446RE/lib506/STM32duino FreeRTOS/port.c.o
                0x08006594                vPortExitCritical
 *fill*         0x080065bc        0x4 
 .text.PendSV_Handler
                0x080065c0       0x64 .pio/build/genericSTM32F446RE/lib506/STM32duino FreeRTOS/port.c.o
                0x080065c0                PendSV_Handler
 .text.xPortSysTickHandler
                0x08006624       0x2c .pio/build/genericSTM32F446RE/lib506/STM32duino FreeRTOS/port.c.o
                0x08006624                xPortSysTickHandler
 .text._ZN7STS30324initEv
                0x08006650       0x40 .pio/build/genericSTM32F446RE/src/device/actuator/STS3032.cpp.o
                0x08006650                STS3032::init()
 .text._ZN7STS3032C2EP14HardwareSerial
                0x08006690       0x38 .pio/build/genericSTM32F446RE/src/device/actuator/STS3032.cpp.o
                0x08006690                STS3032::STS3032(HardwareSerial*)
                0x08006690                STS3032::STS3032(HardwareSerial*)
 .text._ZN7STS30329LeftDriveEii
                0x080066c8       0x40 .pio/build/genericSTM32F446RE/src/device/actuator/STS3032.cpp.o
                0x080066c8                STS3032::LeftDrive(int, int)
 .text._ZN7STS303210RightDriveEii
                0x08006708       0x44 .pio/build/genericSTM32F446RE/src/device/actuator/STS3032.cpp.o
                0x08006708                STS3032::RightDrive(int, int)
 .text._ZN7STS30324stopEv
                0x0800674c       0x20 .pio/build/genericSTM32F446RE/src/device/actuator/STS3032.cpp.o
                0x0800674c                STS3032::stop()
 .text._ZN7STS30325driveEii
                0x0800676c       0x5e .pio/build/genericSTM32F446RE/src/device/actuator/STS3032.cpp.o
                0x0800676c                STS3032::drive(int, int)
 *fill*         0x080067ca        0x2 
 .text._ZN7STS30324turnEii
                0x080067cc       0xa4 .pio/build/genericSTM32F446RE/src/device/actuator/STS3032.cpp.o
                0x080067cc                STS3032::turn(int, int)
 .text._ZN6BuzzerC2Ei
                0x08006870       0x16 .pio/build/genericSTM32F446RE/src/device/actuator/buzzer.cpp.o
                0x08006870                Buzzer::Buzzer(int)
                0x08006870                Buzzer::Buzzer(int)
 .text._ZN6Buzzer12setFrequencyEi
                0x08006886       0x1c .pio/build/genericSTM32F446RE/src/device/actuator/buzzer.cpp.o
                0x08006886                Buzzer::setFrequency(int)
 .text._ZN6Buzzer4muteEv
                0x080068a2        0x8 .pio/build/genericSTM32F446RE/src/device/actuator/buzzer.cpp.o
                0x080068a2                Buzzer::mute()
 *fill*         0x080068aa        0x6 
 .text._ZN6Buzzer4beepEid
                0x080068b0       0x64 .pio/build/genericSTM32F446RE/src/device/actuator/buzzer.cpp.o
                0x080068b0                Buzzer::beep(int, double)
 *fill*         0x08006914        0x4 
 .text._ZN6Buzzer4bootEv
                0x08006918       0x58 .pio/build/genericSTM32F446RE/src/device/actuator/buzzer.cpp.o
                0x08006918                Buzzer::boot()
 .text._ZN6Buzzer14ObjectDetectedEv
                0x08006970       0x60 .pio/build/genericSTM32F446RE/src/device/actuator/buzzer.cpp.o
                0x08006970                Buzzer::ObjectDetected()
 .text._ZN6Buzzer11GreenMarkerEi
                0x080069d0       0x60 .pio/build/genericSTM32F446RE/src/device/actuator/buzzer.cpp.o
                0x080069d0                Buzzer::GreenMarker(int)
 .text._ZN6Buzzer5koukaEv
                0x08006a30      0x200 .pio/build/genericSTM32F446RE/src/device/actuator/buzzer.cpp.o
                0x08006a30                Buzzer::kouka()
 .text._ZN8LineUnit5FlashEv
                0x08006c30       0x28 .pio/build/genericSTM32F446RE/src/device/sensor/LineUnit.cpp.o
                0x08006c30                LineUnit::Flash()
 .text._ZN8LineUnit4initEv
                0x08006c58       0x1c .pio/build/genericSTM32F446RE/src/device/sensor/LineUnit.cpp.o
                0x08006c58                LineUnit::init()
 .text._ZN8LineUnitC2EP14HardwareSerial
                0x08006c74       0x1e .pio/build/genericSTM32F446RE/src/device/sensor/LineUnit.cpp.o
                0x08006c74                LineUnit::LineUnit(HardwareSerial*)
                0x08006c74                LineUnit::LineUnit(HardwareSerial*)
 .text._ZN8LineUnit13setBrightnessEi
                0x08006c92        0xc .pio/build/genericSTM32F446RE/src/device/sensor/LineUnit.cpp.o
                0x08006c92                LineUnit::setBrightness(int)
 *fill*         0x08006c9e        0x2 
 .text._ZN8LineUnit17StringToIntValuesE6StringPi
                0x08006ca0       0x80 .pio/build/genericSTM32F446RE/src/device/sensor/LineUnit.cpp.o
                0x08006ca0                LineUnit::StringToIntValues(String, int*)
 .text._ZN8LineUnit10checkColorEPiPmS0_
                0x08006d20       0x6e .pio/build/genericSTM32F446RE/src/device/sensor/LineUnit.cpp.o
                0x08006d20                LineUnit::checkColor(int*, unsigned long*, int*)
 .text._ZN8LineUnit4readEv
                0x08006d8e       0xd8 .pio/build/genericSTM32F446RE/src/device/sensor/LineUnit.cpp.o
                0x08006d8e                LineUnit::read()
 .text._ZN8LoadCell4initEv
                0x08006e66       0x26 .pio/build/genericSTM32F446RE/src/device/sensor/loadcell.cpp.o
                0x08006e66                LoadCell::init()
 .text._ZN8LoadCell4readEv
                0x08006e8c       0x1e .pio/build/genericSTM32F446RE/src/device/sensor/loadcell.cpp.o
                0x08006e8c                LoadCell::read()
 *fill*         0x08006eaa        0x2 
 .text._ZN3ToFC2EP14HardwareSerial
                0x08006eac       0x40 .pio/build/genericSTM32F446RE/src/device/sensor/tof.cpp.o
                0x08006eac                ToF::ToF(HardwareSerial*)
                0x08006eac                ToF::ToF(HardwareSerial*)
 .text._ZN3ToF16init_tof_sensorsEP14HardwareSerial
                0x08006eec       0x88 .pio/build/genericSTM32F446RE/src/device/sensor/tof.cpp.o
                0x08006eec                ToF::init_tof_sensors(HardwareSerial*)
 .text._ZN3ToF12get_tof_mainEv
                0x08006f74       0x1e .pio/build/genericSTM32F446RE/src/device/sensor/tof.cpp.o
                0x08006f74                ToF::get_tof_main()
 .text._ZN3ToF5FlashEv
                0x08006f92       0x28 .pio/build/genericSTM32F446RE/src/device/sensor/tof.cpp.o
                0x08006f92                ToF::Flash()
 .text._ZN3ToF4initEP14HardwareSerial
                0x08006fba       0x12 .pio/build/genericSTM32F446RE/src/device/sensor/tof.cpp.o
                0x08006fba                ToF::init(HardwareSerial*)
 .text._ZN3ToF17StringToIntValuesE6StringPi
                0x08006fcc       0x80 .pio/build/genericSTM32F446RE/src/device/sensor/tof.cpp.o
                0x08006fcc                ToF::StringToIntValues(String, int*)
 .text._ZN3ToF13get_tof_frontEv
                0x0800704c       0x64 .pio/build/genericSTM32F446RE/src/device/sensor/tof.cpp.o
                0x0800704c                ToF::get_tof_front()
 .text._ZN3ToF12getTofValuesEv
                0x080070b0       0x12 .pio/build/genericSTM32F446RE/src/device/sensor/tof.cpp.o
                0x080070b0                ToF::getTofValues()
 *fill*         0x080070c2        0x2 
 .text._Z8init_i2cv
                0x080070c4       0x20 .pio/build/genericSTM32F446RE/src/main.cpp.o
                0x080070c4                init_i2c()
 .text.setup    0x080070e4       0x70 .pio/build/genericSTM32F446RE/src/main.cpp.o
                0x080070e4                setup
 .text._Z9LineTracev
                0x08007154       0x98 .pio/build/genericSTM32F446RE/src/main.cpp.o
                0x08007154                LineTrace()
 .text._Z8CheckRedv
                0x080071ec       0x34 .pio/build/genericSTM32F446RE/src/main.cpp.o
                0x080071ec                CheckRed()
 .text._Z10CheckGreenv
                0x08007220       0xec .pio/build/genericSTM32F446RE/src/main.cpp.o
                0x08007220                CheckGreen()
 .text._Z11CheckObjectv
                0x0800730c       0x5c .pio/build/genericSTM32F446RE/src/main.cpp.o
                0x0800730c                CheckObject()
 .text._Z10TurnObjectv
                0x08007368       0x90 .pio/build/genericSTM32F446RE/src/main.cpp.o
                0x08007368                TurnObject()
 .text.loop     0x080073f8       0x70 .pio/build/genericSTM32F446RE/src/main.cpp.o
                0x080073f8                loop
 .text.startup._GLOBAL__sub_I_uart1
                0x08007468       0xa4 .pio/build/genericSTM32F446RE/src/main.cpp.o
 .text._ZN3SCSC2Ev
                0x0800750c       0x14 .pio/build/genericSTM32F446RE/libd4d/libSCServo.a(SCS.cpp.o)
                0x0800750c                SCS::SCS()
                0x0800750c                SCS::SCS()
 .text._ZN3SCS8Host2SCSEPhS0_t
                0x08007520       0x16 .pio/build/genericSTM32F446RE/libd4d/libSCServo.a(SCS.cpp.o)
                0x08007520                SCS::Host2SCS(unsigned char*, unsigned char*, unsigned short)
 .text._ZN3SCS8SCS2HostEhh
                0x08007536       0x10 .pio/build/genericSTM32F446RE/libd4d/libSCServo.a(SCS.cpp.o)
                0x08007536                SCS::SCS2Host(unsigned char, unsigned char)
 .text._ZN3SCS8writeBufEhhPhhh
                0x08007546       0x92 .pio/build/genericSTM32F446RE/libd4d/libSCServo.a(SCS.cpp.o)
                0x08007546                SCS::writeBuf(unsigned char, unsigned char, unsigned char*, unsigned char, unsigned char)
 .text._ZN3SCS9syncWriteEPhhhS0_h
                0x080075d8       0xb8 .pio/build/genericSTM32F446RE/libd4d/libSCServo.a(SCS.cpp.o)
                0x080075d8                SCS::syncWrite(unsigned char*, unsigned char, unsigned char, unsigned char*, unsigned char)
 .text._ZN3SCS9checkHeadEv
                0x08007690       0x38 .pio/build/genericSTM32F446RE/libd4d/libSCServo.a(SCS.cpp.o)
                0x08007690                SCS::checkHead()
 .text._ZN3SCS4ReadEhhPhh
                0x080076c8       0xb2 .pio/build/genericSTM32F446RE/libd4d/libSCServo.a(SCS.cpp.o)
                0x080076c8                SCS::Read(unsigned char, unsigned char, unsigned char*, unsigned char)
 .text._ZN3SCS8readByteEhh
                0x0800777a       0x20 .pio/build/genericSTM32F446RE/libd4d/libSCServo.a(SCS.cpp.o)
                0x0800777a                SCS::readByte(unsigned char, unsigned char)
 .text._ZN3SCS8readWordEhh
                0x0800779a       0x2a .pio/build/genericSTM32F446RE/libd4d/libSCServo.a(SCS.cpp.o)
                0x0800779a                SCS::readWord(unsigned char, unsigned char)
 .text._ZN3SCS3AckEh
                0x080077c4       0x5c .pio/build/genericSTM32F446RE/libd4d/libSCServo.a(SCS.cpp.o)
                0x080077c4                SCS::Ack(unsigned char)
 .text._ZN3SCS8genWriteEhhPhh
                0x08007820       0x3e .pio/build/genericSTM32F446RE/libd4d/libSCServo.a(SCS.cpp.o)
                0x08007820                SCS::genWrite(unsigned char, unsigned char, unsigned char*, unsigned char)
 .text._ZN3SCS8regWriteEhhPhh
                0x0800785e       0x3e .pio/build/genericSTM32F446RE/libd4d/libSCServo.a(SCS.cpp.o)
                0x0800785e                SCS::regWrite(unsigned char, unsigned char, unsigned char*, unsigned char)
 .text._ZN3SCS9writeByteEhhh
                0x0800789c       0x3c .pio/build/genericSTM32F446RE/libd4d/libSCServo.a(SCS.cpp.o)
                0x0800789c                SCS::writeByte(unsigned char, unsigned char, unsigned char)
 .text._ZN8SCSerial6getErrEv
                0x080078d8        0x4 .pio/build/genericSTM32F446RE/libd4d/libSCServo.a(SMS_STS.cpp.o)
                0x080078d8                SCSerial::getErr()
 .text._ZN7SMS_STS10WritePosExEhsth
                0x080078dc       0x5e .pio/build/genericSTM32F446RE/libd4d/libSCServo.a(SMS_STS.cpp.o)
                0x080078dc                SMS_STS::WritePosEx(unsigned char, short, unsigned short, unsigned char)
 .text._ZN7SMS_STS13RegWritePosExEhsth
                0x0800793a       0x5e .pio/build/genericSTM32F446RE/libd4d/libSCServo.a(SMS_STS.cpp.o)
                0x0800793a                SMS_STS::RegWritePosEx(unsigned char, short, unsigned short, unsigned char)
 .text._ZN7SMS_STS14SyncWritePosExEPhhPsPtS0_
                0x08007998       0xa8 .pio/build/genericSTM32F446RE/libd4d/libSCServo.a(SMS_STS.cpp.o)
                0x08007998                SMS_STS::SyncWritePosEx(unsigned char*, unsigned char, short*, unsigned short*, unsigned char*)
 .text._ZN7SMS_STS9WheelModeEh
                0x08007a40        0x8 .pio/build/genericSTM32F446RE/libd4d/libSCServo.a(SMS_STS.cpp.o)
                0x08007a40                SMS_STS::WheelMode(unsigned char)
 .text._ZN7SMS_STS12EnableTorqueEhh
                0x08007a48        0x8 .pio/build/genericSTM32F446RE/libd4d/libSCServo.a(SMS_STS.cpp.o)
                0x08007a48                SMS_STS::EnableTorque(unsigned char, unsigned char)
 .text._ZN7SMS_STS11unLockEpromEh
                0x08007a50        0x8 .pio/build/genericSTM32F446RE/libd4d/libSCServo.a(SMS_STS.cpp.o)
                0x08007a50                SMS_STS::unLockEprom(unsigned char)
 .text._ZN7SMS_STS9LockEpromEh
                0x08007a58        0x8 .pio/build/genericSTM32F446RE/libd4d/libSCServo.a(SMS_STS.cpp.o)
                0x08007a58                SMS_STS::LockEprom(unsigned char)
 .text._ZN7SMS_STS14CalibrationOfsEh
                0x08007a60        0x8 .pio/build/genericSTM32F446RE/libd4d/libSCServo.a(SMS_STS.cpp.o)
                0x08007a60                SMS_STS::CalibrationOfs(unsigned char)
 .text._ZN7SMS_STS8WriteSpeEhsh
                0x08007a68       0x56 .pio/build/genericSTM32F446RE/libd4d/libSCServo.a(SMS_STS.cpp.o)
                0x08007a68                SMS_STS::WriteSpe(unsigned char, short, unsigned char)
 .text._ZN7SMS_STS8FeedBackEi
                0x08007abe       0x26 .pio/build/genericSTM32F446RE/libd4d/libSCServo.a(SMS_STS.cpp.o)
                0x08007abe                SMS_STS::FeedBack(int)
 .text._ZN7SMS_STS7ReadPosEi
                0x08007ae4       0x30 .pio/build/genericSTM32F446RE/libd4d/libSCServo.a(SMS_STS.cpp.o)
                0x08007ae4                SMS_STS::ReadPos(int)
 .text._ZN7SMS_STS9ReadSpeedEi
                0x08007b14       0x30 .pio/build/genericSTM32F446RE/libd4d/libSCServo.a(SMS_STS.cpp.o)
                0x08007b14                SMS_STS::ReadSpeed(int)
 .text._ZN7SMS_STS8ReadLoadEi
                0x08007b44       0x30 .pio/build/genericSTM32F446RE/libd4d/libSCServo.a(SMS_STS.cpp.o)
                0x08007b44                SMS_STS::ReadLoad(int)
 .text._ZN7SMS_STS11ReadCurrentEi
                0x08007b74       0x32 .pio/build/genericSTM32F446RE/libd4d/libSCServo.a(SMS_STS.cpp.o)
                0x08007b74                SMS_STS::ReadCurrent(int)
 .text._ZN7SMS_STS11ReadVoltageEi
                0x08007ba6       0x24 .pio/build/genericSTM32F446RE/libd4d/libSCServo.a(SMS_STS.cpp.o)
                0x08007ba6                SMS_STS::ReadVoltage(int)
 .text._ZN7SMS_STS10ReadTemperEi
                0x08007bca       0x24 .pio/build/genericSTM32F446RE/libd4d/libSCServo.a(SMS_STS.cpp.o)
                0x08007bca                SMS_STS::ReadTemper(int)
 .text._ZN7SMS_STS8ReadMoveEi
                0x08007bee       0x24 .pio/build/genericSTM32F446RE/libd4d/libSCServo.a(SMS_STS.cpp.o)
                0x08007bee                SMS_STS::ReadMove(int)
 .text._ZN7SMS_STS8ReadModeEi
                0x08007c12       0x22 .pio/build/genericSTM32F446RE/libd4d/libSCServo.a(SMS_STS.cpp.o)
                0x08007c12                SMS_STS::ReadMode(int)
 .text._ZN7SMS_STSC2Ev
                0x08007c34       0x18 .pio/build/genericSTM32F446RE/libd4d/libSCServo.a(SMS_STS.cpp.o)
                0x08007c34                SMS_STS::SMS_STS()
                0x08007c34                SMS_STS::SMS_STS()
 .text._ZN8SCSerial8writeSCSEPhi
                0x08007c4c       0x10 .pio/build/genericSTM32F446RE/libd4d/libSCServo.a(SCSerial.cpp.o)
                0x08007c4c                SCSerial::writeSCS(unsigned char*, int)
 .text._ZN8SCSerial8writeSCSEh
                0x08007c5c       0x1a .pio/build/genericSTM32F446RE/libd4d/libSCServo.a(SCSerial.cpp.o)
                0x08007c5c                SCSerial::writeSCS(unsigned char)
 .text._ZN8SCSerial9rFlushSCSEv
                0x08007c76       0x12 .pio/build/genericSTM32F446RE/libd4d/libSCServo.a(SCSerial.cpp.o)
                0x08007c76                SCSerial::rFlushSCS()
 .text._ZN8SCSerial9wFlushSCSEv
                0x08007c88        0x2 .pio/build/genericSTM32F446RE/libd4d/libSCServo.a(SCSerial.cpp.o)
                0x08007c88                SCSerial::wFlushSCS()
 .text._ZN8SCSerial7readSCSEPhi
                0x08007c8a       0x40 .pio/build/genericSTM32F446RE/libd4d/libSCServo.a(SCSerial.cpp.o)
                0x08007c8a                SCSerial::readSCS(unsigned char*, int)
 *fill*         0x08007cca        0x2 
 .text._ZN8SCSerialC2Ev
                0x08007ccc       0x1c .pio/build/genericSTM32F446RE/libd4d/libSCServo.a(SCSerial.cpp.o)
                0x08007ccc                SCSerial::SCSerial()
                0x08007ccc                SCSerial::SCSerial()
 .text._ZN5Print17availableForWriteEv
                0x08007ce8        0x4 .pio/build/genericSTM32F446RE/lib6ad/libWire.a(Wire.cpp.o)
                0x08007ce8                Print::availableForWrite()
 .text._ZN7TwoWire9availableEv
                0x08007cec        0x8 .pio/build/genericSTM32F446RE/lib6ad/libWire.a(Wire.cpp.o)
                0x08007cec                TwoWire::available()
 .text._ZN7TwoWire4readEv
                0x08007cf4       0x1a .pio/build/genericSTM32F446RE/lib6ad/libWire.a(Wire.cpp.o)
                0x08007cf4                TwoWire::read()
 .text._ZN7TwoWire4peekEv
                0x08007d0e       0x12 .pio/build/genericSTM32F446RE/lib6ad/libWire.a(Wire.cpp.o)
                0x08007d0e                TwoWire::peek()
 .text._ZN7TwoWire16onRequestServiceEP5i2c_s
                0x08007d20       0x16 .pio/build/genericSTM32F446RE/lib6ad/libWire.a(Wire.cpp.o)
                0x08007d20                TwoWire::onRequestService(i2c_s*)
 .text._ZN7TwoWire3endEv
                0x08007d36       0x28 .pio/build/genericSTM32F446RE/lib6ad/libWire.a(Wire.cpp.o)
                0x08007d36                TwoWire::end()
 *fill*         0x08007d5e        0x2 
 .text._ZN7TwoWireD2Ev
                0x08007d60       0x28 .pio/build/genericSTM32F446RE/lib6ad/libWire.a(Wire.cpp.o)
                0x08007d60                TwoWire::~TwoWire()
                0x08007d60                TwoWire::~TwoWire()
 .text._ZN7TwoWire17beginTransmissionEh
                0x08007d88       0x10 .pio/build/genericSTM32F446RE/lib6ad/libWire.a(Wire.cpp.o)
                0x08007d88                TwoWire::beginTransmission(unsigned char)
 .text._ZN7TwoWire16allocateRxBufferEj
                0x08007d98       0x24 .pio/build/genericSTM32F446RE/lib6ad/libWire.a(Wire.cpp.o)
                0x08007d98                TwoWire::allocateRxBuffer(unsigned int)
 .text._ZN7TwoWire16onReceiveServiceEP5i2c_s
                0x08007dbc       0x4c .pio/build/genericSTM32F446RE/lib6ad/libWire.a(Wire.cpp.o)
                0x08007dbc                TwoWire::onReceiveService(i2c_s*)
 .text._ZN7TwoWire16allocateTxBufferEj
                0x08007e08       0x32 .pio/build/genericSTM32F446RE/lib6ad/libWire.a(Wire.cpp.o)
                0x08007e08                TwoWire::allocateTxBuffer(unsigned int)
 .text._ZN7TwoWire5writeEh
                0x08007e3a       0x42 .pio/build/genericSTM32F446RE/lib6ad/libWire.a(Wire.cpp.o)
                0x08007e3a                TwoWire::write(unsigned char)
 .text._ZN7TwoWire5writeEPKhj
                0x08007e7c       0x42 .pio/build/genericSTM32F446RE/lib6ad/libWire.a(Wire.cpp.o)
                0x08007e7c                TwoWire::write(unsigned char const*, unsigned int)
 .text._ZN7TwoWire13resetTxBufferEv
                0x08007ebe       0x10 .pio/build/genericSTM32F446RE/lib6ad/libWire.a(Wire.cpp.o)
                0x08007ebe                TwoWire::resetTxBuffer()
 .text._ZN7TwoWire15endTransmissionEh
                0x08007ece       0x46 .pio/build/genericSTM32F446RE/lib6ad/libWire.a(Wire.cpp.o)
                0x08007ece                TwoWire::endTransmission(unsigned char)
 .text._ZN7TwoWire11requestFromEhhmhh
                0x08007f14       0x94 .pio/build/genericSTM32F446RE/lib6ad/libWire.a(Wire.cpp.o)
                0x08007f14                TwoWire::requestFrom(unsigned char, unsigned char, unsigned long, unsigned char, unsigned char)
 .text._ZN7TwoWire11requestFromEhhh
                0x08007fa8       0x12 .pio/build/genericSTM32F446RE/lib6ad/libWire.a(Wire.cpp.o)
                0x08007fa8                TwoWire::requestFrom(unsigned char, unsigned char, unsigned char)
 .text._ZN7TwoWire11requestFromEhh
                0x08007fba        0x6 .pio/build/genericSTM32F446RE/lib6ad/libWire.a(Wire.cpp.o)
                0x08007fba                TwoWire::requestFrom(unsigned char, unsigned char)
 .text._ZN7TwoWire15endTransmissionEv
                0x08007fc0        0x6 .pio/build/genericSTM32F446RE/lib6ad/libWire.a(Wire.cpp.o)
                0x08007fc0                TwoWire::endTransmission()
 .text._ZN7TwoWire5flushEv
                0x08007fc6       0x20 .pio/build/genericSTM32F446RE/lib6ad/libWire.a(Wire.cpp.o)
                0x08007fc6                TwoWire::flush()
 *fill*         0x08007fe6        0x2 
 .text._ZN7TwoWire10recoverBusEv
                0x08007fe8       0xc8 .pio/build/genericSTM32F446RE/lib6ad/libWire.a(Wire.cpp.o)
                0x08007fe8                TwoWire::recoverBus()
 .text._ZN7TwoWire5beginEhbb
                0x080080b0       0x94 .pio/build/genericSTM32F446RE/lib6ad/libWire.a(Wire.cpp.o)
                0x080080b0                TwoWire::begin(unsigned char, bool, bool)
 .text._ZN7TwoWire5beginEb
                0x08008144        0xa .pio/build/genericSTM32F446RE/lib6ad/libWire.a(Wire.cpp.o)
                0x08008144                TwoWire::begin(bool)
 .text._ZNSt8functionIFviEEC2Ev
                0x0800814e        0xc .pio/build/genericSTM32F446RE/lib6ad/libWire.a(Wire.cpp.o)
                0x0800814e                std::function<void (int)>::function()
                0x0800814e                std::function<void (int)>::function()
 *fill*         0x0800815a        0x2 
 .text._ZN7TwoWireC2Ev
                0x0800815c       0x48 .pio/build/genericSTM32F446RE/lib6ad/libWire.a(Wire.cpp.o)
                0x0800815c                TwoWire::TwoWire()
                0x0800815c                TwoWire::TwoWire()
 .text.startup._GLOBAL__sub_I__ZN7TwoWireC2Ev
                0x080081a4        0xc .pio/build/genericSTM32F446RE/lib6ad/libWire.a(Wire.cpp.o)
 .text.exit._GLOBAL__sub_D__ZN7TwoWireC2Ev
                0x080081b0        0xc .pio/build/genericSTM32F446RE/lib6ad/libWire.a(Wire.cpp.o)
 .text.i2c_custom_init
                0x080081bc      0x1c4 .pio/build/genericSTM32F446RE/lib6ad/libWire.a(twi.c.o)
                0x080081bc                i2c_custom_init
 .text.i2c_deinit
                0x08008380       0x1e .pio/build/genericSTM32F446RE/lib6ad/libWire.a(twi.c.o)
                0x08008380                i2c_deinit
 .text.i2c_slave_write_IT
                0x0800839e       0x34 .pio/build/genericSTM32F446RE/lib6ad/libWire.a(twi.c.o)
                0x0800839e                i2c_slave_write_IT
 .text.i2c_master_read
                0x080083d2       0x8e .pio/build/genericSTM32F446RE/lib6ad/libWire.a(twi.c.o)
                0x080083d2                i2c_master_read
 .text.i2c_IsDeviceReady
                0x08008460       0x40 .pio/build/genericSTM32F446RE/lib6ad/libWire.a(twi.c.o)
                0x08008460                i2c_IsDeviceReady
 .text.i2c_master_write
                0x080084a0       0xa2 .pio/build/genericSTM32F446RE/lib6ad/libWire.a(twi.c.o)
                0x080084a0                i2c_master_write
 .text.i2c_attachSlaveRxEvent
                0x08008542        0xe .pio/build/genericSTM32F446RE/lib6ad/libWire.a(twi.c.o)
                0x08008542                i2c_attachSlaveRxEvent
 .text.i2c_attachSlaveTxEvent
                0x08008550        0xe .pio/build/genericSTM32F446RE/lib6ad/libWire.a(twi.c.o)
                0x08008550                i2c_attachSlaveTxEvent
 .text.HAL_I2C_AddrCallback
                0x0800855e       0x68 .pio/build/genericSTM32F446RE/lib6ad/libWire.a(twi.c.o)
                0x0800855e                HAL_I2C_AddrCallback
 .text.HAL_I2C_ListenCpltCallback
                0x080085c6       0x2a .pio/build/genericSTM32F446RE/lib6ad/libWire.a(twi.c.o)
                0x080085c6                HAL_I2C_ListenCpltCallback
 .text.HAL_I2C_SlaveRxCpltCallback
                0x080085f0       0x24 .pio/build/genericSTM32F446RE/lib6ad/libWire.a(twi.c.o)
                0x080085f0                HAL_I2C_SlaveRxCpltCallback
 .text.HAL_I2C_SlaveTxCpltCallback
                0x08008614        0x8 .pio/build/genericSTM32F446RE/lib6ad/libWire.a(twi.c.o)
                0x08008614                HAL_I2C_SlaveTxCpltCallback
 .text.HAL_I2C_ErrorCallback
                0x0800861c        0xc .pio/build/genericSTM32F446RE/lib6ad/libWire.a(twi.c.o)
                0x0800861c                HAL_I2C_ErrorCallback
 .text.I2C1_EV_IRQHandler
                0x08008628        0xc .pio/build/genericSTM32F446RE/lib6ad/libWire.a(twi.c.o)
                0x08008628                I2C1_EV_IRQHandler
 .text.I2C1_ER_IRQHandler
                0x08008634        0xc .pio/build/genericSTM32F446RE/lib6ad/libWire.a(twi.c.o)
                0x08008634                I2C1_ER_IRQHandler
 .text.I2C2_EV_IRQHandler
                0x08008640        0xc .pio/build/genericSTM32F446RE/lib6ad/libWire.a(twi.c.o)
                0x08008640                I2C2_EV_IRQHandler
 .text.I2C2_ER_IRQHandler
                0x0800864c        0xc .pio/build/genericSTM32F446RE/lib6ad/libWire.a(twi.c.o)
                0x0800864c                I2C2_ER_IRQHandler
 .text.I2C3_EV_IRQHandler
                0x08008658        0xc .pio/build/genericSTM32F446RE/lib6ad/libWire.a(twi.c.o)
                0x08008658                I2C3_EV_IRQHandler
 .text.I2C3_ER_IRQHandler
                0x08008664        0xc .pio/build/genericSTM32F446RE/lib6ad/libWire.a(twi.c.o)
                0x08008664                I2C3_ER_IRQHandler
 .text._ZN7VL53L0XC2Ev
                0x08008670       0x14 .pio/build/genericSTM32F446RE/lib960/libVL53L0X.a(VL53L0X.cpp.o)
                0x08008670                VL53L0X::VL53L0X()
                0x08008670                VL53L0X::VL53L0X()
 .text._ZN7VL53L0X8writeRegEhh
                0x08008684       0x2e .pio/build/genericSTM32F446RE/lib960/libVL53L0X.a(VL53L0X.cpp.o)
                0x08008684                VL53L0X::writeReg(unsigned char, unsigned char)
 .text._ZN7VL53L0X10setAddressEh
                0x080086b2       0x14 .pio/build/genericSTM32F446RE/lib960/libVL53L0X.a(VL53L0X.cpp.o)
                0x080086b2                VL53L0X::setAddress(unsigned char)
 .text._ZN7VL53L0X13writeReg16BitEht
                0x080086c6       0x38 .pio/build/genericSTM32F446RE/lib960/libVL53L0X.a(VL53L0X.cpp.o)
                0x080086c6                VL53L0X::writeReg16Bit(unsigned char, unsigned short)
 .text._ZN7VL53L0X13writeReg32BitEhm
                0x080086fe       0x50 .pio/build/genericSTM32F446RE/lib960/libVL53L0X.a(VL53L0X.cpp.o)
                0x080086fe                VL53L0X::writeReg32Bit(unsigned char, unsigned long)
 .text._ZN7VL53L0X7readRegEh
                0x0800874e       0x36 .pio/build/genericSTM32F446RE/lib960/libVL53L0X.a(VL53L0X.cpp.o)
                0x0800874e                VL53L0X::readReg(unsigned char)
 .text._ZN7VL53L0X12readReg16BitEh
                0x08008784       0x44 .pio/build/genericSTM32F446RE/lib960/libVL53L0X.a(VL53L0X.cpp.o)
                0x08008784                VL53L0X::readReg16Bit(unsigned char)
 .text._ZN7VL53L0X10writeMultiEhPKhh
                0x080087c8       0x38 .pio/build/genericSTM32F446RE/lib960/libVL53L0X.a(VL53L0X.cpp.o)
                0x080087c8                VL53L0X::writeMulti(unsigned char, unsigned char const*, unsigned char)
 .text._ZN7VL53L0X9readMultiEhPhh
                0x08008800       0x44 .pio/build/genericSTM32F446RE/lib960/libVL53L0X.a(VL53L0X.cpp.o)
                0x08008800                VL53L0X::readMulti(unsigned char, unsigned char*, unsigned char)
 *fill*         0x08008844        0x4 
 .text._ZN7VL53L0X18setSignalRateLimitEf
                0x08008848       0x5c .pio/build/genericSTM32F446RE/lib960/libVL53L0X.a(VL53L0X.cpp.o)
                0x08008848                VL53L0X::setSignalRateLimit(float)
 .text._ZN7VL53L0X19getVcselPulsePeriodENS_15vcselPeriodTypeE
                0x080088a4       0x1e .pio/build/genericSTM32F446RE/lib960/libVL53L0X.a(VL53L0X.cpp.o)
                0x080088a4                VL53L0X::getVcselPulsePeriod(VL53L0X::vcselPeriodType)
 .text._ZN7VL53L0X15startContinuousEm
                0x080088c2       0x74 .pio/build/genericSTM32F446RE/lib960/libVL53L0X.a(VL53L0X.cpp.o)
                0x080088c2                VL53L0X::startContinuous(unsigned long)
 .text._ZN7VL53L0X30readRangeContinuousMillimetersEv
                0x08008936       0x4e .pio/build/genericSTM32F446RE/lib960/libVL53L0X.a(VL53L0X.cpp.o)
                0x08008936                VL53L0X::readRangeContinuousMillimeters()
 .text._ZN7VL53L0X11getSpadInfoEPhPb
                0x08008984      0x114 .pio/build/genericSTM32F446RE/lib960/libVL53L0X.a(VL53L0X.cpp.o)
                0x08008984                VL53L0X::getSpadInfo(unsigned char*, bool*)
 .text._ZN7VL53L0X22getSequenceStepEnablesEPNS_19SequenceStepEnablesE
                0x08008a98       0x2a .pio/build/genericSTM32F446RE/lib960/libVL53L0X.a(VL53L0X.cpp.o)
                0x08008a98                VL53L0X::getSequenceStepEnables(VL53L0X::SequenceStepEnables*)
 .text._ZN7VL53L0X13decodeTimeoutEt
                0x08008ac2        0xe .pio/build/genericSTM32F446RE/lib960/libVL53L0X.a(VL53L0X.cpp.o)
                0x08008ac2                VL53L0X::decodeTimeout(unsigned short)
 .text._ZN7VL53L0X13encodeTimeoutEm
                0x08008ad0       0x1c .pio/build/genericSTM32F446RE/lib960/libVL53L0X.a(VL53L0X.cpp.o)
                0x08008ad0                VL53L0X::encodeTimeout(unsigned long)
 .text._ZN7VL53L0X26timeoutMclksToMicrosecondsEth
                0x08008aec       0x20 .pio/build/genericSTM32F446RE/lib960/libVL53L0X.a(VL53L0X.cpp.o)
                0x08008aec                VL53L0X::timeoutMclksToMicroseconds(unsigned short, unsigned char)
 .text._ZN7VL53L0X23getSequenceStepTimeoutsEPKNS_19SequenceStepEnablesEPNS_20SequenceStepTimeoutsE
                0x08008b0c       0x70 .pio/build/genericSTM32F446RE/lib960/libVL53L0X.a(VL53L0X.cpp.o)
                0x08008b0c                VL53L0X::getSequenceStepTimeouts(VL53L0X::SequenceStepEnables const*, VL53L0X::SequenceStepTimeouts*)
 .text._ZN7VL53L0X26getMeasurementTimingBudgetEv
                0x08008b7c       0x6c .pio/build/genericSTM32F446RE/lib960/libVL53L0X.a(VL53L0X.cpp.o)
                0x08008b7c                VL53L0X::getMeasurementTimingBudget()
 .text._ZN7VL53L0X26timeoutMicrosecondsToMclksEmh
                0x08008be8       0x28 .pio/build/genericSTM32F446RE/lib960/libVL53L0X.a(VL53L0X.cpp.o)
                0x08008be8                VL53L0X::timeoutMicrosecondsToMclks(unsigned long, unsigned char)
 .text._ZN7VL53L0X26setMeasurementTimingBudgetEm
                0x08008c10       0x96 .pio/build/genericSTM32F446RE/lib960/libVL53L0X.a(VL53L0X.cpp.o)
                0x08008c10                VL53L0X::setMeasurementTimingBudget(unsigned long)
 .text._ZN7VL53L0X27performSingleRefCalibrationEh
                0x08008ca6       0x54 .pio/build/genericSTM32F446RE/lib960/libVL53L0X.a(VL53L0X.cpp.o)
                0x08008ca6                VL53L0X::performSingleRefCalibration(unsigned char)
 .text._ZN7VL53L0X4initEb
                0x08008cfa      0x516 .pio/build/genericSTM32F446RE/lib960/libVL53L0X.a(VL53L0X.cpp.o)
                0x08008cfa                VL53L0X::init(bool)
 .text._ZN5Print5flushEv
                0x08009210        0x2 .pio/build/genericSTM32F446RE/libFrameworkArduino.a(HardwareSerial.cpp.o)
                0x08009210                Print::flush()
 .text._ZN14HardwareSerial9availableEv
                0x08009212       0x10 .pio/build/genericSTM32F446RE/libFrameworkArduino.a(HardwareSerial.cpp.o)
                0x08009212                HardwareSerial::available()
 .text._ZN14HardwareSerial4peekEv
                0x08009222       0x1a .pio/build/genericSTM32F446RE/libFrameworkArduino.a(HardwareSerial.cpp.o)
                0x08009222                HardwareSerial::peek()
 .text._ZN14HardwareSerial17availableForWriteEv
                0x0800923c       0x1c .pio/build/genericSTM32F446RE/libFrameworkArduino.a(HardwareSerial.cpp.o)
                0x0800923c                HardwareSerial::availableForWrite()
 .text._ZN14HardwareSerial5writeEh
                0x08009258       0x18 .pio/build/genericSTM32F446RE/libFrameworkArduino.a(HardwareSerial.cpp.o)
                0x08009258                HardwareSerial::write(unsigned char)
 .text._ZN14HardwareSerial16_rx_complete_irqEP8serial_s
                0x08009270       0x36 .pio/build/genericSTM32F446RE/libFrameworkArduino.a(HardwareSerial.cpp.o)
                0x08009270                HardwareSerial::_rx_complete_irq(serial_s*)
 *fill*         0x080092a6        0x2 
 .text._ZN14HardwareSerial16_tx_complete_irqEP8serial_s
                0x080092a8       0x60 .pio/build/genericSTM32F446RE/libFrameworkArduino.a(HardwareSerial.cpp.o)
                0x080092a8                HardwareSerial::_tx_complete_irq(serial_s*)
 .text._ZN14HardwareSerial5writeEPKhj
                0x08009308       0xe4 .pio/build/genericSTM32F446RE/libFrameworkArduino.a(HardwareSerial.cpp.o)
                0x08009308                HardwareSerial::write(unsigned char const*, unsigned int)
 .text._ZN14HardwareSerial5flushEm
                0x080093ec       0x36 .pio/build/genericSTM32F446RE/libFrameworkArduino.a(HardwareSerial.cpp.o)
                0x080093ec                HardwareSerial::flush(unsigned long)
 .text._ZN14HardwareSerial4initE7PinNameS0_S0_S0_
                0x08009422       0x32 .pio/build/genericSTM32F446RE/libFrameworkArduino.a(HardwareSerial.cpp.o)
                0x08009422                HardwareSerial::init(PinName, PinName, PinName, PinName)
 .text._ZN14HardwareSerialC2Emmmm
                0x08009454      0x110 .pio/build/genericSTM32F446RE/libFrameworkArduino.a(HardwareSerial.cpp.o)
                0x08009454                HardwareSerial::HardwareSerial(unsigned long, unsigned long, unsigned long, unsigned long)
                0x08009454                HardwareSerial::HardwareSerial(unsigned long, unsigned long, unsigned long, unsigned long)
 .text._ZN14HardwareSerial5setRxEm
                0x08009564       0x48 .pio/build/genericSTM32F446RE/libFrameworkArduino.a(HardwareSerial.cpp.o)
                0x08009564                HardwareSerial::setRx(unsigned long)
 .text._ZN14HardwareSerial5setTxEm
                0x080095ac       0x48 .pio/build/genericSTM32F446RE/libFrameworkArduino.a(HardwareSerial.cpp.o)
                0x080095ac                HardwareSerial::setTx(unsigned long)
 .text._ZN14HardwareSerialC2EPv16HalfDuplexMode_t
                0x080095f4       0x9c .pio/build/genericSTM32F446RE/libFrameworkArduino.a(HardwareSerial.cpp.o)
                0x080095f4                HardwareSerial::HardwareSerial(void*, HalfDuplexMode_t)
                0x080095f4                HardwareSerial::HardwareSerial(void*, HalfDuplexMode_t)
 .text._ZN14HardwareSerial18enableHalfDuplexRxEv
                0x08009690       0x2e .pio/build/genericSTM32F446RE/libFrameworkArduino.a(HardwareSerial.cpp.o)
                0x08009690                HardwareSerial::enableHalfDuplexRx()
 *fill*         0x080096be        0x2 
 .text._ZN14HardwareSerial5beginEmh
                0x080096c0       0x84 .pio/build/genericSTM32F446RE/libFrameworkArduino.a(HardwareSerial.cpp.o)
                0x080096c0                HardwareSerial::begin(unsigned long, unsigned char)
 .text._ZN14HardwareSerial4readEv
                0x08009744       0x2e .pio/build/genericSTM32F446RE/libFrameworkArduino.a(HardwareSerial.cpp.o)
                0x08009744                HardwareSerial::read()
 *fill*         0x08009772        0x2 
 .text.startup._GLOBAL__sub_I_Serial4
                0x08009774       0x14 .pio/build/genericSTM32F446RE/libFrameworkArduino.a(HardwareSerial.cpp.o)
 .text._ZN5Print5writeEPKc
                0x08009788       0x20 .pio/build/genericSTM32F446RE/libFrameworkArduino.a(Print.cpp.o)
                0x08009788                Print::write(char const*)
 .text._ZN5Print7printlnEv
                0x080097a8       0x10 .pio/build/genericSTM32F446RE/libFrameworkArduino.a(Print.cpp.o)
                0x080097a8                Print::println()
 .text._ZN5Print7printlnEPK19__FlashStringHelper
                0x080097b8       0x14 .pio/build/genericSTM32F446RE/libFrameworkArduino.a(Print.cpp.o)
                0x080097b8                Print::println(__FlashStringHelper const*)
 .text._ZN5Print7printlnEPKc
                0x080097cc        0x4 .pio/build/genericSTM32F446RE/libFrameworkArduino.a(Print.cpp.o)
                0x080097cc                Print::println(char const*)
 .text._ZN6Stream9timedReadEv
                0x080097d0       0x2a .pio/build/genericSTM32F446RE/libFrameworkArduino.a(Stream.cpp.o)
                0x080097d0                Stream::timedRead()
 .text._ZN6Stream9readBytesEPcj
                0x080097fa       0x22 .pio/build/genericSTM32F446RE/libFrameworkArduino.a(Stream.cpp.o)
                0x080097fa                Stream::readBytes(char*, unsigned int)
 .text._ZN6Stream14readBytesUntilEcPcj
                0x0800981c       0x30 .pio/build/genericSTM32F446RE/libFrameworkArduino.a(Stream.cpp.o)
                0x0800981c                Stream::readBytesUntil(char, char*, unsigned int)
 .text._ZN6Stream15readStringUntilEc
                0x0800984c       0x30 .pio/build/genericSTM32F446RE/libFrameworkArduino.a(Stream.cpp.o)
                0x0800984c                Stream::readStringUntil(char)
 .text._ZN6StringD2Ev
                0x0800987c        0xe .pio/build/genericSTM32F446RE/libFrameworkArduino.a(WString.cpp.o)
                0x0800987c                String::~String()
                0x0800987c                String::~String()
 .text._ZN6String10invalidateEv
                0x0800988a       0x16 .pio/build/genericSTM32F446RE/libFrameworkArduino.a(WString.cpp.o)
                0x0800988a                String::invalidate()
 .text._ZN6String12changeBufferEj
                0x080098a0       0x18 .pio/build/genericSTM32F446RE/libFrameworkArduino.a(WString.cpp.o)
                0x080098a0                String::changeBuffer(unsigned int)
 .text._ZN6String7reserveEj
                0x080098b8       0x22 .pio/build/genericSTM32F446RE/libFrameworkArduino.a(WString.cpp.o)
                0x080098b8                String::reserve(unsigned int)
 .text._ZN6String4copyEPKcj
                0x080098da       0x26 .pio/build/genericSTM32F446RE/libFrameworkArduino.a(WString.cpp.o)
                0x080098da                String::copy(char const*, unsigned int)
 .text._ZN6StringC2EPKc
                0x08009900       0x24 .pio/build/genericSTM32F446RE/libFrameworkArduino.a(WString.cpp.o)
                0x08009900                String::String(char const*)
                0x08009900                String::String(char const*)
 .text._ZN6String4moveERS_
                0x08009924       0x3c .pio/build/genericSTM32F446RE/libFrameworkArduino.a(WString.cpp.o)
                0x08009924                String::move(String&)
 .text._ZN6StringaSERKS_
                0x08009960       0x1e .pio/build/genericSTM32F446RE/libFrameworkArduino.a(WString.cpp.o)
                0x08009960                String::operator=(String const&)
 .text._ZN6StringC2ERKS_
                0x0800997e       0x14 .pio/build/genericSTM32F446RE/libFrameworkArduino.a(WString.cpp.o)
                0x0800997e                String::String(String const&)
                0x0800997e                String::String(String const&)
 .text._ZN6StringaSEOS_
                0x08009992       0x10 .pio/build/genericSTM32F446RE/libFrameworkArduino.a(WString.cpp.o)
                0x08009992                String::operator=(String&&)
 .text._ZN6String6concatEPKcj
                0x080099a2       0x2e .pio/build/genericSTM32F446RE/libFrameworkArduino.a(WString.cpp.o)